Query 1: true
Query 2: false
Query 3: true
Query 4: false
Query 5: true
Query 6: true
Query 7: true
Query 8: false
Query 9: true
Query 10: true
Query 11: true
Query 12: true
Query 13: false
Query 14: false
Query 15: true
Query 16: true
Query 17: true
Query 18: false
Query 19: false
Query 20: false
Query 21: true
Query 22: false
Query 23: true
