Query 1: false
Query 2: false
Query 3: false
Query 4: false
Query 5: false
Query 6: false
Query 7: false
Query 8: false
Query 9: true
Query 10: false
Query 11: true
Query 12: true
Query 13: false
Query 14: false
Query 15: false
Query 16: true
Query 17: false
Query 18: false
Query 19: true
Query 20: true
Query 21: false
Query 22: true
Query 23: false
Query 24: false
Query 25: false
Query 26: false
Query 27: false
Query 28: false
Query 29: true
Query 30: false
Query 31: true
Query 32: true
Query 33: false
Query 34: false
Query 35: false
Query 36: false
Query 37: false
Query 38: false
Query 39: true
Query 40: true
Query 41: false
Query 42: false
Query 43: true
Query 44: false
Query 45: false
Query 46: false
Query 47: false
Query 48: false
Query 49: true
Query 50: false
Query 51: false
Query 52: false
Query 53: true
Query 54: true
Query 55: true
Query 56: false
Query 57: false
Query 58: false
Query 59: false
Query 60: false
Query 61: true
Query 62: false
Query 63: false
Query 64: true
Query 65: false
Query 66: false
Query 67: true
Query 68: false
Query 69: false
Query 70: false
Query 71: false
Query 72: false
Query 73: true
Query 74: false
Query 75: false
Query 76: false
Query 77: false
Query 78: false
Query 79: false
Query 80: true
Query 81: false
Query 82: false
Query 83: false
Query 84: false
Query 85: false
Query 86: true
Query 87: true
Query 88: false
Query 89: true
Query 90: true
Query 91: true
Query 92: false
Query 93: true
Query 94: true
Query 95: false
Query 96: true
Query 97: true
Query 98: true
Query 99: true
Query 100: false
