Query 1: true
Query 2: true
Query 3: false
Query 4: true
Query 5: false
Query 6: false
Query 7: true
Query 8: false
Query 9: true
Query 10: false
Query 11: true
Query 12: true
Query 13: true
Query 14: true
Query 15: true
Query 16: false
Query 17: false
Query 18: true
Query 19: false
Query 20: false
Query 21: false
Query 22: false
Query 23: true
Query 24: true
Query 25: true
Query 26: true
Query 27: true
Query 28: false
Query 29: false
Query 30: true
Query 31: false
Query 32: false
Query 33: true
Query 34: true
Query 35: true
Query 36: true
Query 37: true
Query 38: true
Query 39: true
Query 40: false
Query 41: false
Query 42: false
Query 43: false
Query 44: true
Query 45: true
Query 46: true
Query 47: false
Query 48: false
Query 49: false
Query 50: true
Query 51: false
Query 52: false
Query 53: true
Query 54: true
Query 55: false
Query 56: true
Query 57: true
Query 58: false
Query 59: true
Query 60: true
Query 61: true
Query 62: true
Query 63: false
Query 64: true
Query 65: true
Query 66: false
Query 67: true
Query 68: true
Query 69: true
Query 70: true
Query 71: false
Query 72: false
Query 73: false
Query 74: true
Query 75: true
Query 76: false
Query 77: true
Query 78: true
Query 79: true
Query 80: true
Query 81: true
Query 82: true
Query 83: true
Query 84: true
Query 85: true
Query 86: true
Query 87: true
Query 88: false
Query 89: true
Query 90: false
Query 91: true
Query 92: true
Query 93: true
Query 94: true
Query 95: true
Query 96: true
Query 97: true
Query 98: true
Query 99: false
Query 100: true
Query 101: true
Query 102: true
Query 103: false
Query 104: true
Query 105: false
Query 106: false
Query 107: true
Query 108: true
Query 109: false
Query 110: false
Query 111: true
Query 112: false
Query 113: true
Query 114: false
Query 115: false
Query 116: false
Query 117: true
Query 118: false
Query 119: false
Query 120: true
Query 121: false
Query 122: true
Query 123: true
Query 124: true
Query 125: true
Query 126: false
Query 127: false
Query 128: false
Query 129: false
Query 130: true
Query 131: true
Query 132: false
Query 133: true
Query 134: true
Query 135: false
Query 136: false
Query 137: false
Query 138: true
Query 139: false
Query 140: true
Query 141: true
Query 142: true
Query 143: true
Query 144: true
Query 145: true
Query 146: true
Query 147: false
Query 148: true
Query 149: false
Query 150: true
Query 151: false
Query 152: true
Query 153: true
Query 154: true
Query 155: true
Query 156: true
Query 157: true
Query 158: false
Query 159: false
Query 160: true
Query 161: true
Query 162: true
Query 163: false
Query 164: true
Query 165: true
Query 166: false
Query 167: true
Query 168: true
Query 169: true
Query 170: true
Query 171: false
Query 172: false
Query 173: true
Query 174: true
Query 175: false
Query 176: true
Query 177: true
Query 178: true
Query 179: true
Query 180: false
Query 181: true
Query 182: false
Query 183: true
Query 184: true
Query 185: true
Query 186: false
Query 187: true
Query 188: false
Query 189: false
Query 190: true
Query 191: true
Query 192: true
Query 193: false
Query 194: true
Query 195: false
Query 196: false
Query 197: false
Query 198: true
Query 199: true
Query 200: false
Query 201: true
Query 202: true
Query 203: true
Query 204: false
Query 205: false
Query 206: false
Query 207: true
Query 208: true
Query 209: false
Query 210: true
Query 211: false
Query 212: false
Query 213: true
Query 214: false
Query 215: true
Query 216: true
Query 217: true
Query 218: true
Query 219: true
Query 220: true
Query 221: true
Query 222: true
Query 223: true
Query 224: false
Query 225: false
Query 226: true
Query 227: true
Query 228: false
Query 229: true
Query 230: false
Query 231: true
Query 232: true
Query 233: true
Query 234: true
Query 235: false
Query 236: false
Query 237: true
Query 238: false
Query 239: true
Query 240: true
Query 241: true
Query 242: false
Query 243: false
Query 244: false
Query 245: false
Query 246: true
Query 247: true
Query 248: false
Query 249: false
Query 250: false
Query 251: false
Query 252: false
Query 253: true
Query 254: false
Query 255: true
Query 256: true
Query 257: true
Query 258: false
Query 259: true
Query 260: true
Query 261: true
Query 262: true
Query 263: true
Query 264: false
Query 265: false
Query 266: true
Query 267: true
Query 268: false
Query 269: true
Query 270: true
Query 271: true
Query 272: true
Query 273: true
Query 274: true
Query 275: true
Query 276: true
Query 277: false
Query 278: true
Query 279: false
Query 280: false
Query 281: true
Query 282: false
Query 283: true
Query 284: true
Query 285: true
Query 286: true
Query 287: false
Query 288: true
Query 289: true
Query 290: true
Query 291: true
Query 292: true
Query 293: true
Query 294: true
Query 295: true
Query 296: false
Query 297: true
Query 298: false
Query 299: true
Query 300: true
Query 301: true
Query 302: true
Query 303: true
Query 304: true
Query 305: false
Query 306: true
Query 307: false
Query 308: true
Query 309: true
Query 310: true
Query 311: true
Query 312: false
Query 313: true
Query 314: false
Query 315: true
Query 316: true
Query 317: true
Query 318: false
Query 319: true
Query 320: true
Query 321: true
Query 322: false
Query 323: true
Query 324: true
Query 325: false
Query 326: true
Query 327: true
Query 328: false
Query 329: true
Query 330: false
Query 331: true
Query 332: true
Query 333: true
Query 334: true
Query 335: false
Query 336: false
Query 337: false
Query 338: false
Query 339: true
Query 340: true
Query 341: false
Query 342: true
Query 343: true
Query 344: true
Query 345: true
Query 346: false
Query 347: true
Query 348: true
Query 349: false
Query 350: true
Query 351: true
Query 352: true
Query 353: true
Query 354: false
Query 355: true
Query 356: true
Query 357: true
Query 358: false
Query 359: false
Query 360: true
Query 361: true
Query 362: true
Query 363: true
Query 364: true
Query 365: true
Query 366: false
Query 367: false
Query 368: true
Query 369: true
Query 370: false
Query 371: false
Query 372: true
Query 373: false
Query 374: true
Query 375: false
Query 376: true
Query 377: true
Query 378: true
Query 379: true
Query 380: true
Query 381: true
Query 382: true
Query 383: false
Query 384: true
Query 385: true
Query 386: true
Query 387: true
Query 388: true
Query 389: true
Query 390: true
Query 391: true
Query 392: false
Query 393: false
Query 394: true
Query 395: true
Query 396: true
Query 397: false
Query 398: true
Query 399: false
Query 400: true
Query 401: false
Query 402: false
Query 403: false
Query 404: true
Query 405: true
Query 406: true
Query 407: false
Query 408: false
Query 409: false
Query 410: true
Query 411: false
Query 412: false
Query 413: true
Query 414: true
Query 415: true
Query 416: true
Query 417: false
Query 418: false
Query 419: true
Query 420: true
Query 421: false
Query 422: false
Query 423: false
Query 424: false
Query 425: true
Query 426: true
Query 427: true
Query 428: false
Query 429: false
Query 430: true
Query 431: false
Query 432: true
Query 433: true
Query 434: false
Query 435: false
Query 436: true
Query 437: true
Query 438: false
Query 439: true
Query 440: true
Query 441: true
Query 442: false
Query 443: true
Query 444: false
Query 445: false
Query 446: true
Query 447: true
Query 448: true
Query 449: false
Query 450: true
Query 451: true
Query 452: true
Query 453: false
Query 454: true
Query 455: false
Query 456: true
Query 457: true
Query 458: false
Query 459: true
Query 460: false
Query 461: false
Query 462: false
Query 463: true
Query 464: true
Query 465: false
Query 466: true
Query 467: true
Query 468: false
Query 469: true
Query 470: true
Query 471: true
Query 472: true
Query 473: true
Query 474: true
Query 475: true
Query 476: false
Query 477: true
Query 478: true
Query 479: false
Query 480: false
Query 481: false
Query 482: true
Query 483: true
Query 484: true
Query 485: false
Query 486: true
Query 487: true
Query 488: false
Query 489: true
Query 490: true
Query 491: false
Query 492: false
Query 493: true
Query 494: false
Query 495: false
Query 496: true
Query 497: false
Query 498: false
Query 499: true
Query 500: false
Query 501: false
Query 502: true
Query 503: true
Query 504: false
Query 505: false
Query 506: true
Query 507: true
Query 508: true
Query 509: false
Query 510: true
Query 511: true
Query 512: false
Query 513: false
Query 514: true
Query 515: false
Query 516: false
Query 517: true
Query 518: true
Query 519: true
Query 520: false
Query 521: false
Query 522: false
Query 523: true
Query 524: true
Query 525: true
Query 526: false
Query 527: true
Query 528: true
Query 529: true
Query 530: true
Query 531: true
Query 532: true
Query 533: false
Query 534: false
Query 535: false
Query 536: false
Query 537: false
Query 538: false
Query 539: false
Query 540: true
Query 541: true
Query 542: true
Query 543: true
Query 544: false
Query 545: true
Query 546: true
Query 547: true
Query 548: true
Query 549: true
Query 550: true
Query 551: false
Query 552: false
Query 553: true
Query 554: true
Query 555: true
Query 556: true
Query 557: false
Query 558: false
Query 559: true
Query 560: true
Query 561: true
Query 562: true
Query 563: true
Query 564: true
Query 565: true
Query 566: true
Query 567: false
Query 568: false
Query 569: true
Query 570: true
Query 571: false
Query 572: true
Query 573: true
Query 574: true
Query 575: false
Query 576: true
Query 577: true
Query 578: true
Query 579: false
Query 580: false
Query 581: true
Query 582: false
Query 583: true
Query 584: false
Query 585: true
Query 586: true
Query 587: true
Query 588: true
Query 589: false
Query 590: true
Query 591: false
Query 592: true
Query 593: true
Query 594: true
Query 595: false
Query 596: true
Query 597: true
Query 598: false
Query 599: false
Query 600: false
Query 601: false
Query 602: false
Query 603: true
Query 604: true
Query 605: false
Query 606: true
Query 607: true
Query 608: false
Query 609: true
Query 610: true
Query 611: true
Query 612: true
Query 613: true
Query 614: false
Query 615: true
Query 616: false
Query 617: false
Query 618: true
Query 619: false
Query 620: false
Query 621: true
Query 622: false
Query 623: true
Query 624: true
Query 625: true
Query 626: true
Query 627: false
Query 628: true
Query 629: false
Query 630: true
Query 631: true
Query 632: true
Query 633: false
Query 634: true
Query 635: true
Query 636: true
Query 637: true
Query 638: true
Query 639: false
Query 640: true
Query 641: false
Query 642: false
Query 643: false
Query 644: false
Query 645: false
Query 646: true
Query 647: false
Query 648: true
Query 649: true
Query 650: false
Query 651: true
Query 652: false
Query 653: true
Query 654: true
Query 655: true
Query 656: true
Query 657: true
Query 658: false
Query 659: false
Query 660: true
Query 661: false
Query 662: false
Query 663: true
Query 664: false
Query 665: true
Query 666: true
Query 667: false
Query 668: true
Query 669: false
Query 670: true
Query 671: false
Query 672: false
Query 673: true
Query 674: true
Query 675: false
Query 676: true
Query 677: false
Query 678: false
Query 679: true
Query 680: false
Query 681: false
Query 682: false
Query 683: false
Query 684: false
Query 685: false
Query 686: true
Query 687: true
Query 688: false
Query 689: true
Query 690: true
Query 691: true
Query 692: false
Query 693: false
Query 694: true
Query 695: true
Query 696: true
Query 697: true
Query 698: true
Query 699: true
Query 700: false
Query 701: true
Query 702: true
Query 703: false
Query 704: false
Query 705: true
Query 706: true
Query 707: true
Query 708: true
Query 709: false
Query 710: true
Query 711: true
Query 712: true
Query 713: true
Query 714: true
Query 715: true
Query 716: true
Query 717: true
Query 718: false
Query 719: true
Query 720: false
Query 721: true
Query 722: true
Query 723: true
Query 724: false
Query 725: true
Query 726: true
Query 727: false
Query 728: true
Query 729: true
Query 730: true
Query 731: true
Query 732: true
Query 733: false
Query 734: false
Query 735: true
Query 736: true
Query 737: true
Query 738: false
Query 739: true
Query 740: false
Query 741: false
Query 742: true
Query 743: true
Query 744: false
Query 745: true
Query 746: true
Query 747: false
Query 748: true
Query 749: true
Query 750: true
Query 751: true
Query 752: true
Query 753: true
Query 754: false
Query 755: false
Query 756: true
Query 757: true
Query 758: true
Query 759: false
Query 760: true
Query 761: false
Query 762: true
Query 763: true
Query 764: true
Query 765: false
Query 766: true
Query 767: false
Query 768: true
Query 769: false
Query 770: true
Query 771: true
Query 772: true
Query 773: false
Query 774: false
Query 775: true
Query 776: true
Query 777: true
Query 778: true
Query 779: false
Query 780: true
Query 781: true
Query 782: true
Query 783: false
Query 784: true
Query 785: true
Query 786: true
Query 787: false
Query 788: false
Query 789: true
Query 790: true
Query 791: true
Query 792: false
Query 793: false
Query 794: false
Query 795: false
Query 796: false
Query 797: false
Query 798: true
Query 799: false
Query 800: false
Query 801: true
Query 802: true
Query 803: true
Query 804: false
Query 805: false
Query 806: true
Query 807: true
Query 808: true
Query 809: true
Query 810: false
Query 811: false
Query 812: true
Query 813: true
Query 814: false
Query 815: false
Query 816: true
Query 817: true
Query 818: true
Query 819: false
Query 820: true
Query 821: true
Query 822: true
Query 823: true
Query 824: false
Query 825: false
Query 826: false
Query 827: true
Query 828: true
Query 829: true
Query 830: false
Query 831: false
Query 832: true
Query 833: false
Query 834: true
Query 835: true
Query 836: true
Query 837: true
Query 838: true
Query 839: true
Query 840: true
Query 841: true
Query 842: true
Query 843: false
Query 844: true
Query 845: true
Query 846: false
Query 847: true
Query 848: true
Query 849: true
Query 850: true
Query 851: true
Query 852: true
Query 853: true
Query 854: true
Query 855: true
Query 856: true
Query 857: false
Query 858: true
Query 859: true
Query 860: false
Query 861: false
Query 862: true
Query 863: true
Query 864: true
Query 865: true
Query 866: false
Query 867: true
Query 868: true
Query 869: false
Query 870: true
Query 871: true
Query 872: true
Query 873: true
Query 874: true
Query 875: true
Query 876: true
Query 877: false
Query 878: true
Query 879: true
Query 880: false
Query 881: false
Query 882: true
Query 883: false
Query 884: true
Query 885: true
Query 886: true
Query 887: true
Query 888: false
Query 889: true
Query 890: false
Query 891: true
Query 892: true
Query 893: true
Query 894: false
Query 895: true
Query 896: true
Query 897: true
Query 898: true
Query 899: true
Query 900: true
Query 901: true
Query 902: true
Query 903: true
Query 904: true
Query 905: false
Query 906: false
Query 907: false
Query 908: true
Query 909: true
Query 910: false
Query 911: true
Query 912: true
Query 913: true
Query 914: false
Query 915: true
Query 916: true
Query 917: true
Query 918: true
Query 919: true
Query 920: true
Query 921: true
Query 922: false
Query 923: true
Query 924: false
Query 925: true
Query 926: true
Query 927: false
Query 928: true
Query 929: true
Query 930: true
Query 931: false
Query 932: false
Query 933: false
Query 934: false
Query 935: false
Query 936: true
Query 937: false
Query 938: false
Query 939: true
Query 940: true
Query 941: false
Query 942: true
Query 943: false
Query 944: true
Query 945: true
Query 946: true
Query 947: false
Query 948: true
Query 949: true
Query 950: true
Query 951: true
Query 952: false
Query 953: true
Query 954: true
Query 955: true
Query 956: true
Query 957: true
Query 958: true
Query 959: true
Query 960: true
Query 961: true
Query 962: true
Query 963: false
Query 964: true
Query 965: false
Query 966: true
Query 967: true
Query 968: true
Query 969: true
Query 970: true
Query 971: false
Query 972: false
Query 973: true
Query 974: true
Query 975: true
Query 976: false
Query 977: true
Query 978: true
Query 979: true
Query 980: true
Query 981: false
Query 982: true
Query 983: true
Query 984: true
Query 985: false
Query 986: true
Query 987: false
Query 988: true
Query 989: true
Query 990: false
Query 991: true
Query 992: false
Query 993: true
Query 994: true
Query 995: true
Query 996: true
Query 997: true
Query 998: true
Query 999: true
Query 1000: false
Query 1001: true
Query 1002: false
Query 1003: true
Query 1004: true
Query 1005: true
Query 1006: true
Query 1007: false
Query 1008: true
Query 1009: true
Query 1010: false
Query 1011: true
Query 1012: true
Query 1013: true
Query 1014: true
Query 1015: true
Query 1016: false
Query 1017: false
Query 1018: true
Query 1019: false
Query 1020: true
Query 1021: false
Query 1022: true
Query 1023: true
Query 1024: true
Query 1025: true
Query 1026: false
Query 1027: false
Query 1028: true
Query 1029: true
Query 1030: false
Query 1031: true
Query 1032: true
Query 1033: true
Query 1034: false
Query 1035: true
Query 1036: true
Query 1037: true
Query 1038: false
Query 1039: false
Query 1040: true
Query 1041: true
Query 1042: false
Query 1043: true
Query 1044: true
Query 1045: true
Query 1046: true
Query 1047: true
Query 1048: false
Query 1049: false
Query 1050: true
Query 1051: true
Query 1052: false
Query 1053: true
Query 1054: true
Query 1055: true
Query 1056: false
Query 1057: false
Query 1058: true
Query 1059: true
Query 1060: true
Query 1061: false
Query 1062: true
Query 1063: true
Query 1064: true
Query 1065: false
Query 1066: false
Query 1067: true
Query 1068: true
Query 1069: false
Query 1070: false
Query 1071: true
Query 1072: true
Query 1073: true
Query 1074: true
Query 1075: true
Query 1076: true
Query 1077: false
Query 1078: true
Query 1079: true
Query 1080: false
Query 1081: false
Query 1082: true
Query 1083: true
Query 1084: true
Query 1085: true
Query 1086: true
Query 1087: true
Query 1088: true
Query 1089: true
Query 1090: false
Query 1091: false
Query 1092: false
Query 1093: false
Query 1094: false
Query 1095: true
Query 1096: true
Query 1097: true
Query 1098: true
Query 1099: false
Query 1100: true
Query 1101: true
Query 1102: true
Query 1103: true
Query 1104: true
Query 1105: true
Query 1106: true
Query 1107: true
Query 1108: false
Query 1109: true
Query 1110: true
Query 1111: true
Query 1112: false
Query 1113: true
Query 1114: true
Query 1115: true
Query 1116: false
Query 1117: true
Query 1118: false
Query 1119: true
Query 1120: false
Query 1121: false
Query 1122: false
Query 1123: false
Query 1124: false
Query 1125: true
Query 1126: true
Query 1127: true
Query 1128: true
Query 1129: true
Query 1130: true
Query 1131: true
Query 1132: true
Query 1133: true
Query 1134: true
Query 1135: true
Query 1136: true
Query 1137: true
Query 1138: false
Query 1139: true
Query 1140: false
Query 1141: true
Query 1142: true
Query 1143: true
Query 1144: true
Query 1145: true
Query 1146: false
Query 1147: false
Query 1148: false
Query 1149: true
Query 1150: true
Query 1151: true
Query 1152: true
Query 1153: true
Query 1154: false
Query 1155: false
Query 1156: true
Query 1157: false
Query 1158: false
Query 1159: false
Query 1160: true
Query 1161: false
Query 1162: true
Query 1163: true
Query 1164: true
Query 1165: false
Query 1166: true
Query 1167: false
Query 1168: true
Query 1169: false
Query 1170: false
Query 1171: true
Query 1172: true
Query 1173: false
Query 1174: true
Query 1175: false
Query 1176: true
Query 1177: true
Query 1178: true
Query 1179: true
Query 1180: false
Query 1181: false
Query 1182: false
Query 1183: true
Query 1184: false
Query 1185: true
Query 1186: true
Query 1187: true
Query 1188: true
Query 1189: true
Query 1190: false
Query 1191: true
Query 1192: false
Query 1193: true
Query 1194: true
Query 1195: true
Query 1196: false
Query 1197: true
Query 1198: true
Query 1199: true
Query 1200: true
Query 1201: true
Query 1202: false
Query 1203: true
Query 1204: false
Query 1205: false
Query 1206: false
Query 1207: false
Query 1208: true
Query 1209: true
Query 1210: true
Query 1211: false
Query 1212: false
Query 1213: false
Query 1214: true
Query 1215: false
Query 1216: false
Query 1217: true
Query 1218: true
Query 1219: true
Query 1220: false
Query 1221: false
Query 1222: true
Query 1223: true
Query 1224: true
Query 1225: true
Query 1226: false
Query 1227: true
Query 1228: true
Query 1229: true
Query 1230: false
Query 1231: false
Query 1232: true
Query 1233: false
Query 1234: true
Query 1235: true
Query 1236: true
Query 1237: false
Query 1238: true
Query 1239: true
Query 1240: true
Query 1241: false
Query 1242: true
Query 1243: true
Query 1244: false
Query 1245: false
Query 1246: true
Query 1247: true
Query 1248: true
Query 1249: false
Query 1250: true
Query 1251: false
Query 1252: false
Query 1253: true
Query 1254: true
Query 1255: true
Query 1256: true
Query 1257: true
Query 1258: true
Query 1259: true
Query 1260: true
Query 1261: true
Query 1262: false
Query 1263: true
Query 1264: true
Query 1265: true
Query 1266: false
Query 1267: true
Query 1268: false
Query 1269: false
Query 1270: true
Query 1271: true
Query 1272: true
Query 1273: true
Query 1274: true
Query 1275: false
Query 1276: true
Query 1277: true
Query 1278: true
Query 1279: true
Query 1280: true
Query 1281: true
Query 1282: false
Query 1283: true
Query 1284: true
Query 1285: false
Query 1286: true
Query 1287: true
Query 1288: true
Query 1289: true
Query 1290: true
Query 1291: false
Query 1292: true
Query 1293: true
Query 1294: false
Query 1295: false
Query 1296: true
Query 1297: false
Query 1298: true
Query 1299: true
Query 1300: false
Query 1301: true
Query 1302: true
Query 1303: true
Query 1304: true
Query 1305: true
Query 1306: true
Query 1307: false
Query 1308: true
Query 1309: true
Query 1310: true
Query 1311: true
Query 1312: true
Query 1313: true
Query 1314: true
Query 1315: false
Query 1316: true
Query 1317: true
Query 1318: true
Query 1319: true
Query 1320: false
Query 1321: true
Query 1322: false
Query 1323: false
Query 1324: true
Query 1325: true
Query 1326: true
Query 1327: false
Query 1328: true
Query 1329: true
Query 1330: true
Query 1331: true
Query 1332: true
Query 1333: true
Query 1334: true
Query 1335: true
Query 1336: false
Query 1337: true
Query 1338: true
Query 1339: false
Query 1340: false
Query 1341: false
Query 1342: true
Query 1343: true
Query 1344: false
Query 1345: true
Query 1346: false
Query 1347: true
Query 1348: true
Query 1349: false
Query 1350: true
Query 1351: true
Query 1352: true
Query 1353: false
Query 1354: false
Query 1355: true
Query 1356: false
Query 1357: false
Query 1358: false
Query 1359: true
Query 1360: true
Query 1361: true
Query 1362: false
Query 1363: true
Query 1364: true
Query 1365: true
Query 1366: true
Query 1367: true
Query 1368: true
Query 1369: false
Query 1370: false
Query 1371: true
Query 1372: true
Query 1373: true
Query 1374: true
Query 1375: true
Query 1376: true
Query 1377: true
Query 1378: false
Query 1379: true
Query 1380: true
Query 1381: true
Query 1382: true
Query 1383: true
Query 1384: false
Query 1385: true
Query 1386: false
Query 1387: false
Query 1388: false
Query 1389: true
Query 1390: true
Query 1391: true
Query 1392: true
Query 1393: false
Query 1394: true
Query 1395: true
Query 1396: true
Query 1397: true
Query 1398: false
Query 1399: true
Query 1400: false
Query 1401: true
Query 1402: true
Query 1403: true
Query 1404: true
Query 1405: false
Query 1406: true
Query 1407: true
Query 1408: true
Query 1409: true
Query 1410: false
Query 1411: true
Query 1412: true
Query 1413: false
Query 1414: false
Query 1415: false
Query 1416: true
Query 1417: true
Query 1418: false
Query 1419: false
Query 1420: true
Query 1421: true
Query 1422: true
Query 1423: true
Query 1424: true
Query 1425: true
Query 1426: false
Query 1427: true
Query 1428: true
Query 1429: true
Query 1430: true
Query 1431: true
Query 1432: true
Query 1433: true
Query 1434: true
Query 1435: true
Query 1436: true
Query 1437: true
Query 1438: true
Query 1439: false
Query 1440: true
Query 1441: false
Query 1442: false
Query 1443: true
Query 1444: true
Query 1445: true
Query 1446: true
Query 1447: false
Query 1448: false
Query 1449: true
Query 1450: true
Query 1451: true
Query 1452: true
Query 1453: true
Query 1454: true
Query 1455: false
Query 1456: false
Query 1457: false
Query 1458: true
Query 1459: true
Query 1460: false
Query 1461: false
Query 1462: false
Query 1463: true
Query 1464: false
Query 1465: true
Query 1466: true
Query 1467: false
Query 1468: true
Query 1469: false
Query 1470: true
Query 1471: true
Query 1472: false
Query 1473: true
Query 1474: false
Query 1475: true
Query 1476: false
Query 1477: true
Query 1478: true
Query 1479: false
Query 1480: false
Query 1481: false
Query 1482: true
Query 1483: true
Query 1484: true
Query 1485: true
Query 1486: true
Query 1487: false
Query 1488: false
Query 1489: false
Query 1490: true
Query 1491: false
Query 1492: false
Query 1493: false
Query 1494: true
Query 1495: true
Query 1496: true
Query 1497: true
Query 1498: false
Query 1499: true
Query 1500: true
Query 1501: false
Query 1502: false
Query 1503: true
Query 1504: true
Query 1505: false
Query 1506: false
Query 1507: true
Query 1508: true
Query 1509: true
Query 1510: true
Query 1511: true
Query 1512: true
Query 1513: false
Query 1514: true
Query 1515: true
Query 1516: false
Query 1517: true
Query 1518: true
Query 1519: false
Query 1520: true
Query 1521: true
Query 1522: true
Query 1523: true
Query 1524: true
Query 1525: false
Query 1526: false
Query 1527: true
Query 1528: true
Query 1529: false
Query 1530: false
Query 1531: true
Query 1532: true
Query 1533: true
Query 1534: false
Query 1535: true
Query 1536: false
Query 1537: true
Query 1538: true
Query 1539: false
Query 1540: true
Query 1541: true
Query 1542: true
Query 1543: true
Query 1544: true
Query 1545: true
Query 1546: false
Query 1547: true
Query 1548: true
Query 1549: false
Query 1550: true
Query 1551: false
Query 1552: false
Query 1553: false
Query 1554: true
Query 1555: false
Query 1556: false
Query 1557: true
Query 1558: true
Query 1559: true
Query 1560: true
Query 1561: true
Query 1562: true
Query 1563: true
Query 1564: true
Query 1565: true
Query 1566: false
Query 1567: true
Query 1568: true
Query 1569: false
Query 1570: false
Query 1571: true
Query 1572: false
Query 1573: true
Query 1574: true
Query 1575: true
Query 1576: false
Query 1577: false
Query 1578: false
Query 1579: true
Query 1580: true
Query 1581: false
Query 1582: true
Query 1583: true
Query 1584: true
Query 1585: false
Query 1586: true
Query 1587: false
Query 1588: true
Query 1589: true
Query 1590: true
Query 1591: true
Query 1592: true
Query 1593: true
Query 1594: false
Query 1595: true
Query 1596: false
Query 1597: true
Query 1598: false
Query 1599: true
Query 1600: true
Query 1601: false
Query 1602: true
Query 1603: false
Query 1604: true
Query 1605: false
Query 1606: false
Query 1607: true
Query 1608: false
Query 1609: true
Query 1610: true
Query 1611: true
Query 1612: true
Query 1613: false
Query 1614: true
Query 1615: true
Query 1616: true
Query 1617: false
Query 1618: true
Query 1619: false
Query 1620: true
Query 1621: true
Query 1622: true
Query 1623: true
Query 1624: false
Query 1625: true
Query 1626: false
Query 1627: true
Query 1628: false
Query 1629: true
Query 1630: true
Query 1631: true
Query 1632: true
Query 1633: true
Query 1634: true
Query 1635: true
Query 1636: true
Query 1637: true
Query 1638: true
Query 1639: false
Query 1640: true
Query 1641: true
Query 1642: true
Query 1643: false
Query 1644: true
Query 1645: false
Query 1646: true
Query 1647: false
Query 1648: true
Query 1649: false
Query 1650: true
Query 1651: true
Query 1652: true
Query 1653: false
Query 1654: true
Query 1655: true
Query 1656: true
Query 1657: false
Query 1658: true
Query 1659: true
Query 1660: true
Query 1661: false
Query 1662: false
Query 1663: true
Query 1664: true
Query 1665: false
Query 1666: true
Query 1667: false
Query 1668: true
Query 1669: false
Query 1670: true
Query 1671: true
Query 1672: true
Query 1673: false
Query 1674: true
Query 1675: true
Query 1676: true
Query 1677: true
Query 1678: true
Query 1679: false
Query 1680: true
Query 1681: true
Query 1682: false
Query 1683: true
Query 1684: true
Query 1685: true
Query 1686: false
Query 1687: false
Query 1688: false
Query 1689: false
Query 1690: true
Query 1691: false
Query 1692: true
Query 1693: true
Query 1694: true
Query 1695: true
Query 1696: true
Query 1697: true
Query 1698: true
Query 1699: false
Query 1700: false
Query 1701: false
Query 1702: true
Query 1703: true
Query 1704: true
Query 1705: true
Query 1706: false
Query 1707: true
Query 1708: true
Query 1709: true
Query 1710: true
Query 1711: true
Query 1712: true
Query 1713: true
Query 1714: false
Query 1715: true
Query 1716: false
Query 1717: true
Query 1718: false
Query 1719: false
Query 1720: true
Query 1721: true
Query 1722: true
Query 1723: true
Query 1724: false
Query 1725: true
Query 1726: true
Query 1727: true
Query 1728: false
Query 1729: true
Query 1730: true
Query 1731: true
Query 1732: true
Query 1733: true
Query 1734: true
Query 1735: true
Query 1736: false
Query 1737: false
Query 1738: true
Query 1739: true
Query 1740: true
Query 1741: false
Query 1742: true
Query 1743: true
Query 1744: true
Query 1745: false
Query 1746: true
Query 1747: false
Query 1748: false
Query 1749: true
Query 1750: true
Query 1751: true
Query 1752: true
Query 1753: true
Query 1754: false
Query 1755: false
Query 1756: true
Query 1757: true
Query 1758: false
Query 1759: false
Query 1760: true
Query 1761: true
Query 1762: true
Query 1763: true
Query 1764: true
Query 1765: true
Query 1766: false
Query 1767: true
Query 1768: true
Query 1769: false
Query 1770: true
Query 1771: false
Query 1772: true
Query 1773: true
Query 1774: true
Query 1775: true
Query 1776: false
Query 1777: true
Query 1778: false
Query 1779: false
Query 1780: true
Query 1781: true
Query 1782: true
Query 1783: true
Query 1784: false
Query 1785: false
Query 1786: false
Query 1787: true
Query 1788: true
Query 1789: true
Query 1790: true
Query 1791: true
Query 1792: false
Query 1793: true
Query 1794: true
Query 1795: true
Query 1796: true
Query 1797: true
Query 1798: false
Query 1799: true
Query 1800: true
Query 1801: true
Query 1802: false
Query 1803: true
Query 1804: false
Query 1805: false
Query 1806: true
Query 1807: true
Query 1808: true
Query 1809: true
Query 1810: true
Query 1811: true
Query 1812: false
Query 1813: true
Query 1814: true
Query 1815: true
Query 1816: true
Query 1817: true
Query 1818: true
Query 1819: true
Query 1820: false
Query 1821: true
Query 1822: true
Query 1823: true
Query 1824: true
Query 1825: true
Query 1826: true
Query 1827: true
Query 1828: true
Query 1829: true
Query 1830: true
Query 1831: false
Query 1832: true
Query 1833: false
Query 1834: false
Query 1835: true
Query 1836: true
Query 1837: true
Query 1838: false
Query 1839: true
Query 1840: true
Query 1841: false
Query 1842: true
Query 1843: false
Query 1844: false
Query 1845: true
Query 1846: true
Query 1847: true
Query 1848: true
Query 1849: true
Query 1850: true
Query 1851: true
Query 1852: true
Query 1853: true
Query 1854: true
Query 1855: false
Query 1856: true
Query 1857: true
Query 1858: true
Query 1859: true
Query 1860: false
Query 1861: false
Query 1862: true
Query 1863: true
Query 1864: false
Query 1865: false
Query 1866: true
Query 1867: true
Query 1868: false
Query 1869: true
Query 1870: true
Query 1871: true
Query 1872: true
Query 1873: false
Query 1874: true
Query 1875: false
Query 1876: false
Query 1877: false
Query 1878: true
Query 1879: true
Query 1880: false
Query 1881: false
Query 1882: true
Query 1883: true
Query 1884: true
Query 1885: false
Query 1886: true
Query 1887: true
Query 1888: true
Query 1889: true
Query 1890: true
Query 1891: false
Query 1892: true
Query 1893: true
Query 1894: false
Query 1895: false
Query 1896: true
Query 1897: true
Query 1898: true
Query 1899: true
Query 1900: false
Query 1901: true
Query 1902: false
Query 1903: false
Query 1904: false
Query 1905: false
Query 1906: false
Query 1907: false
Query 1908: true
Query 1909: true
Query 1910: false
Query 1911: false
Query 1912: true
Query 1913: false
Query 1914: false
Query 1915: false
Query 1916: false
Query 1917: true
Query 1918: false
Query 1919: false
Query 1920: true
Query 1921: false
Query 1922: true
Query 1923: true
Query 1924: true
Query 1925: true
Query 1926: true
Query 1927: true
Query 1928: false
Query 1929: true
Query 1930: false
Query 1931: true
Query 1932: true
Query 1933: false
Query 1934: false
Query 1935: false
Query 1936: true
Query 1937: true
Query 1938: false
Query 1939: false
Query 1940: false
Query 1941: true
Query 1942: true
Query 1943: true
Query 1944: true
Query 1945: true
Query 1946: false
Query 1947: true
Query 1948: true
Query 1949: true
Query 1950: true
Query 1951: false
Query 1952: true
Query 1953: true
Query 1954: false
Query 1955: true
Query 1956: true
Query 1957: true
Query 1958: true
Query 1959: false
Query 1960: true
Query 1961: true
Query 1962: false
Query 1963: true
Query 1964: false
Query 1965: true
Query 1966: false
Query 1967: true
Query 1968: true
Query 1969: false
Query 1970: true
Query 1971: true
Query 1972: true
Query 1973: false
Query 1974: true
Query 1975: true
Query 1976: false
Query 1977: true
Query 1978: false
Query 1979: false
Query 1980: true
Query 1981: true
Query 1982: false
Query 1983: true
Query 1984: true
Query 1985: true
Query 1986: true
Query 1987: true
Query 1988: true
Query 1989: true
Query 1990: true
Query 1991: false
Query 1992: false
Query 1993: true
Query 1994: true
Query 1995: true
Query 1996: true
Query 1997: false
Query 1998: true
Query 1999: true
Query 2000: false
Query 2001: false
Query 2002: true
Query 2003: true
Query 2004: true
Query 2005: true
Query 2006: true
Query 2007: false
Query 2008: true
Query 2009: false
Query 2010: false
Query 2011: false
Query 2012: false
Query 2013: true
Query 2014: true
Query 2015: true
Query 2016: true
Query 2017: true
Query 2018: true
Query 2019: true
Query 2020: true
Query 2021: true
Query 2022: false
Query 2023: true
Query 2024: false
Query 2025: true
Query 2026: false
Query 2027: false
Query 2028: true
Query 2029: true
Query 2030: true
Query 2031: true
Query 2032: true
Query 2033: true
Query 2034: false
Query 2035: false
Query 2036: false
Query 2037: true
Query 2038: true
Query 2039: true
Query 2040: false
Query 2041: true
Query 2042: false
Query 2043: true
Query 2044: true
Query 2045: true
Query 2046: true
Query 2047: true
Query 2048: true
Query 2049: true
Query 2050: true
Query 2051: false
Query 2052: false
Query 2053: true
Query 2054: true
Query 2055: true
Query 2056: true
Query 2057: true
Query 2058: false
Query 2059: true
Query 2060: true
Query 2061: true
Query 2062: true
Query 2063: true
Query 2064: true
Query 2065: true
Query 2066: false
Query 2067: true
Query 2068: true
Query 2069: true
Query 2070: true
Query 2071: true
Query 2072: false
Query 2073: true
Query 2074: true
Query 2075: false
Query 2076: true
Query 2077: true
Query 2078: true
Query 2079: true
Query 2080: true
Query 2081: false
Query 2082: true
Query 2083: true
Query 2084: true
Query 2085: false
Query 2086: true
Query 2087: false
Query 2088: false
Query 2089: true
Query 2090: true
Query 2091: false
Query 2092: false
Query 2093: true
Query 2094: true
Query 2095: true
Query 2096: true
Query 2097: true
Query 2098: false
Query 2099: true
Query 2100: true
Query 2101: true
Query 2102: true
Query 2103: false
Query 2104: false
Query 2105: false
Query 2106: true
Query 2107: true
Query 2108: true
Query 2109: true
Query 2110: true
Query 2111: true
Query 2112: false
Query 2113: true
Query 2114: true
Query 2115: false
Query 2116: true
Query 2117: true
Query 2118: true
Query 2119: false
Query 2120: false
Query 2121: false
Query 2122: true
Query 2123: false
Query 2124: true
Query 2125: true
Query 2126: true
Query 2127: false
Query 2128: false
Query 2129: true
Query 2130: false
Query 2131: false
Query 2132: true
Query 2133: true
Query 2134: false
Query 2135: true
Query 2136: true
Query 2137: true
Query 2138: false
Query 2139: true
Query 2140: false
Query 2141: false
Query 2142: true
Query 2143: true
Query 2144: false
Query 2145: true
Query 2146: true
Query 2147: false
Query 2148: true
Query 2149: true
Query 2150: false
Query 2151: true
Query 2152: true
Query 2153: true
Query 2154: false
Query 2155: true
Query 2156: false
Query 2157: true
Query 2158: true
Query 2159: true
Query 2160: false
Query 2161: true
Query 2162: true
Query 2163: true
Query 2164: true
Query 2165: true
Query 2166: true
Query 2167: false
Query 2168: true
Query 2169: true
Query 2170: false
Query 2171: false
Query 2172: true
Query 2173: true
Query 2174: true
Query 2175: true
Query 2176: false
Query 2177: true
Query 2178: false
Query 2179: true
Query 2180: true
Query 2181: true
Query 2182: true
Query 2183: true
Query 2184: false
Query 2185: true
Query 2186: true
Query 2187: true
Query 2188: true
Query 2189: false
Query 2190: true
Query 2191: true
Query 2192: true
Query 2193: true
Query 2194: false
Query 2195: false
Query 2196: true
Query 2197: true
Query 2198: true
Query 2199: true
Query 2200: true
Query 2201: true
Query 2202: true
Query 2203: true
Query 2204: true
Query 2205: false
Query 2206: true
Query 2207: true
Query 2208: true
Query 2209: true
Query 2210: false
Query 2211: true
Query 2212: true
Query 2213: false
Query 2214: true
Query 2215: true
Query 2216: true
Query 2217: false
Query 2218: false
Query 2219: true
Query 2220: true
Query 2221: true
Query 2222: true
Query 2223: true
Query 2224: false
Query 2225: true
Query 2226: true
Query 2227: false
Query 2228: true
Query 2229: false
Query 2230: true
Query 2231: true
Query 2232: false
Query 2233: false
Query 2234: false
Query 2235: true
Query 2236: true
Query 2237: true
Query 2238: false
Query 2239: true
Query 2240: true
Query 2241: false
Query 2242: false
Query 2243: false
Query 2244: true
Query 2245: false
Query 2246: false
Query 2247: true
Query 2248: true
Query 2249: true
Query 2250: false
Query 2251: true
Query 2252: true
Query 2253: true
Query 2254: false
Query 2255: true
Query 2256: true
Query 2257: true
Query 2258: true
Query 2259: false
Query 2260: true
Query 2261: false
Query 2262: true
Query 2263: true
Query 2264: true
Query 2265: true
Query 2266: false
Query 2267: true
Query 2268: true
Query 2269: true
Query 2270: false
Query 2271: true
Query 2272: true
Query 2273: true
Query 2274: true
Query 2275: false
Query 2276: true
Query 2277: true
Query 2278: true
Query 2279: true
Query 2280: true
Query 2281: true
Query 2282: true
Query 2283: true
Query 2284: true
Query 2285: false
Query 2286: false
Query 2287: false
Query 2288: false
Query 2289: true
Query 2290: false
Query 2291: false
Query 2292: true
Query 2293: false
Query 2294: false
Query 2295: true
Query 2296: true
Query 2297: true
Query 2298: true
Query 2299: false
Query 2300: true
Query 2301: false
Query 2302: true
Query 2303: false
Query 2304: false
Query 2305: true
Query 2306: false
Query 2307: true
Query 2308: false
Query 2309: true
Query 2310: false
Query 2311: true
Query 2312: false
Query 2313: true
Query 2314: false
Query 2315: true
Query 2316: true
Query 2317: false
Query 2318: true
Query 2319: true
Query 2320: true
Query 2321: true
Query 2322: false
Query 2323: true
Query 2324: true
Query 2325: false
Query 2326: true
Query 2327: true
Query 2328: true
Query 2329: true
Query 2330: true
Query 2331: true
Query 2332: true
Query 2333: true
Query 2334: true
Query 2335: false
Query 2336: true
Query 2337: true
Query 2338: false
Query 2339: true
Query 2340: false
Query 2341: false
Query 2342: true
Query 2343: false
Query 2344: true
Query 2345: true
Query 2346: true
Query 2347: false
Query 2348: true
Query 2349: true
Query 2350: false
Query 2351: false
Query 2352: false
Query 2353: true
Query 2354: true
Query 2355: false
Query 2356: false
Query 2357: false
Query 2358: true
Query 2359: true
Query 2360: false
Query 2361: false
Query 2362: true
Query 2363: false
Query 2364: true
Query 2365: true
Query 2366: true
Query 2367: true
Query 2368: true
Query 2369: true
Query 2370: true
Query 2371: true
Query 2372: false
Query 2373: false
Query 2374: false
Query 2375: true
Query 2376: true
Query 2377: true
Query 2378: true
Query 2379: true
Query 2380: true
Query 2381: true
Query 2382: true
Query 2383: false
Query 2384: true
Query 2385: true
Query 2386: true
Query 2387: true
Query 2388: true
Query 2389: true
Query 2390: true
Query 2391: true
Query 2392: true
Query 2393: true
Query 2394: true
Query 2395: true
Query 2396: true
Query 2397: true
Query 2398: true
Query 2399: false
Query 2400: false
Query 2401: true
Query 2402: true
Query 2403: true
Query 2404: false
Query 2405: true
Query 2406: true
Query 2407: false
Query 2408: false
Query 2409: false
Query 2410: true
Query 2411: false
Query 2412: false
Query 2413: true
Query 2414: false
Query 2415: false
Query 2416: true
Query 2417: false
Query 2418: false
Query 2419: true
Query 2420: true
Query 2421: false
Query 2422: true
Query 2423: false
Query 2424: false
Query 2425: true
Query 2426: true
Query 2427: false
Query 2428: false
Query 2429: true
Query 2430: true
Query 2431: true
Query 2432: false
Query 2433: true
Query 2434: true
Query 2435: false
Query 2436: false
Query 2437: true
Query 2438: false
Query 2439: true
Query 2440: true
Query 2441: true
Query 2442: false
Query 2443: true
Query 2444: true
Query 2445: true
Query 2446: true
Query 2447: false
Query 2448: false
Query 2449: false
Query 2450: true
Query 2451: true
Query 2452: true
Query 2453: true
Query 2454: false
Query 2455: true
Query 2456: false
Query 2457: false
Query 2458: true
Query 2459: false
Query 2460: false
Query 2461: false
Query 2462: false
Query 2463: true
Query 2464: true
Query 2465: false
Query 2466: true
Query 2467: true
Query 2468: true
Query 2469: true
Query 2470: false
Query 2471: true
Query 2472: true
Query 2473: true
Query 2474: false
Query 2475: true
Query 2476: false
Query 2477: true
Query 2478: true
Query 2479: false
Query 2480: true
Query 2481: false
Query 2482: true
Query 2483: true
Query 2484: true
Query 2485: true
Query 2486: true
Query 2487: false
Query 2488: true
Query 2489: true
Query 2490: true
Query 2491: false
Query 2492: false
Query 2493: false
Query 2494: true
Query 2495: false
Query 2496: true
Query 2497: false
Query 2498: true
Query 2499: true
Query 2500: false
Query 2501: true
Query 2502: true
Query 2503: false
Query 2504: true
Query 2505: false
Query 2506: true
Query 2507: false
Query 2508: false
Query 2509: false
Query 2510: true
Query 2511: true
Query 2512: false
Query 2513: false
Query 2514: true
Query 2515: false
Query 2516: false
Query 2517: true
Query 2518: true
Query 2519: true
Query 2520: true
Query 2521: true
Query 2522: false
Query 2523: true
Query 2524: false
Query 2525: true
Query 2526: true
Query 2527: true
Query 2528: false
Query 2529: true
Query 2530: false
Query 2531: false
Query 2532: true
Query 2533: true
Query 2534: true
Query 2535: true
Query 2536: true
Query 2537: true
Query 2538: true
Query 2539: true
Query 2540: false
Query 2541: false
Query 2542: false
Query 2543: true
Query 2544: true
Query 2545: false
Query 2546: true
Query 2547: false
Query 2548: true
Query 2549: true
Query 2550: false
Query 2551: true
Query 2552: false
Query 2553: false
Query 2554: true
Query 2555: true
Query 2556: true
Query 2557: true
Query 2558: true
Query 2559: true
Query 2560: false
Query 2561: true
Query 2562: true
Query 2563: false
Query 2564: true
Query 2565: true
Query 2566: true
Query 2567: false
Query 2568: true
Query 2569: false
Query 2570: false
Query 2571: true
Query 2572: true
Query 2573: true
Query 2574: false
Query 2575: false
Query 2576: true
Query 2577: false
Query 2578: true
Query 2579: false
Query 2580: true
Query 2581: false
Query 2582: true
Query 2583: true
Query 2584: true
Query 2585: false
Query 2586: true
Query 2587: false
Query 2588: false
Query 2589: true
Query 2590: false
Query 2591: false
Query 2592: true
Query 2593: true
Query 2594: false
Query 2595: true
Query 2596: true
Query 2597: false
Query 2598: false
Query 2599: true
Query 2600: false
Query 2601: false
Query 2602: false
Query 2603: true
Query 2604: true
Query 2605: true
Query 2606: true
Query 2607: true
Query 2608: false
Query 2609: false
Query 2610: true
Query 2611: true
Query 2612: true
Query 2613: false
Query 2614: false
Query 2615: true
Query 2616: true
Query 2617: true
Query 2618: true
Query 2619: true
Query 2620: true
Query 2621: true
Query 2622: false
Query 2623: false
Query 2624: true
Query 2625: true
Query 2626: true
Query 2627: false
Query 2628: false
Query 2629: true
Query 2630: true
Query 2631: true
Query 2632: true
Query 2633: true
Query 2634: true
Query 2635: false
Query 2636: false
Query 2637: true
Query 2638: true
Query 2639: true
Query 2640: false
Query 2641: true
Query 2642: true
Query 2643: true
Query 2644: true
Query 2645: true
Query 2646: false
Query 2647: true
Query 2648: true
Query 2649: false
Query 2650: true
Query 2651: true
Query 2652: true
Query 2653: false
Query 2654: true
Query 2655: true
Query 2656: true
Query 2657: true
Query 2658: false
Query 2659: false
Query 2660: false
Query 2661: true
Query 2662: true
Query 2663: false
Query 2664: true
Query 2665: true
Query 2666: true
Query 2667: true
Query 2668: true
Query 2669: false
Query 2670: false
Query 2671: false
Query 2672: true
Query 2673: true
Query 2674: false
Query 2675: true
Query 2676: false
Query 2677: true
Query 2678: true
Query 2679: true
Query 2680: false
Query 2681: true
Query 2682: false
Query 2683: true
Query 2684: false
Query 2685: true
Query 2686: false
Query 2687: true
Query 2688: false
Query 2689: false
Query 2690: true
Query 2691: true
Query 2692: true
Query 2693: true
Query 2694: false
Query 2695: false
Query 2696: true
Query 2697: true
Query 2698: true
Query 2699: false
Query 2700: true
Query 2701: true
Query 2702: true
Query 2703: true
Query 2704: false
Query 2705: false
Query 2706: true
Query 2707: true
Query 2708: true
Query 2709: true
Query 2710: true
Query 2711: true
Query 2712: true
Query 2713: true
Query 2714: false
Query 2715: true
Query 2716: true
Query 2717: true
Query 2718: true
Query 2719: true
Query 2720: false
Query 2721: true
Query 2722: true
Query 2723: false
Query 2724: true
Query 2725: false
Query 2726: true
Query 2727: false
Query 2728: true
Query 2729: false
Query 2730: true
Query 2731: false
Query 2732: false
Query 2733: true
Query 2734: true
Query 2735: false
Query 2736: true
Query 2737: false
Query 2738: true
Query 2739: false
Query 2740: true
Query 2741: false
Query 2742: true
Query 2743: true
Query 2744: true
Query 2745: false
Query 2746: true
Query 2747: false
Query 2748: false
Query 2749: true
Query 2750: true
Query 2751: true
Query 2752: true
Query 2753: true
Query 2754: false
Query 2755: true
Query 2756: false
Query 2757: true
Query 2758: true
Query 2759: true
Query 2760: true
Query 2761: true
Query 2762: false
Query 2763: false
Query 2764: true
Query 2765: false
Query 2766: true
Query 2767: true
Query 2768: true
Query 2769: true
Query 2770: true
Query 2771: true
Query 2772: true
Query 2773: false
Query 2774: false
Query 2775: true
Query 2776: true
Query 2777: false
Query 2778: false
Query 2779: true
Query 2780: true
Query 2781: true
Query 2782: true
Query 2783: true
Query 2784: false
Query 2785: true
Query 2786: true
Query 2787: true
Query 2788: true
Query 2789: true
Query 2790: true
Query 2791: false
Query 2792: false
Query 2793: true
Query 2794: true
Query 2795: false
Query 2796: true
Query 2797: true
Query 2798: false
Query 2799: false
Query 2800: false
Query 2801: false
Query 2802: false
Query 2803: true
Query 2804: true
Query 2805: false
Query 2806: true
Query 2807: true
Query 2808: false
Query 2809: false
Query 2810: false
Query 2811: true
Query 2812: true
Query 2813: false
Query 2814: true
Query 2815: true
Query 2816: false
Query 2817: true
Query 2818: true
Query 2819: false
Query 2820: false
Query 2821: false
Query 2822: false
Query 2823: true
Query 2824: false
Query 2825: true
Query 2826: true
Query 2827: true
Query 2828: false
Query 2829: false
Query 2830: false
Query 2831: false
Query 2832: true
Query 2833: true
Query 2834: false
Query 2835: true
Query 2836: false
Query 2837: false
Query 2838: true
Query 2839: false
Query 2840: false
Query 2841: false
Query 2842: false
Query 2843: true
Query 2844: false
Query 2845: true
Query 2846: true
Query 2847: false
Query 2848: false
Query 2849: true
Query 2850: false
Query 2851: false
Query 2852: false
Query 2853: true
Query 2854: true
Query 2855: true
Query 2856: false
Query 2857: true
Query 2858: false
Query 2859: false
Query 2860: true
Query 2861: true
Query 2862: true
Query 2863: false
Query 2864: false
Query 2865: true
Query 2866: true
Query 2867: true
Query 2868: true
Query 2869: true
Query 2870: true
Query 2871: false
Query 2872: true
Query 2873: true
Query 2874: true
Query 2875: true
Query 2876: false
Query 2877: true
Query 2878: true
Query 2879: true
Query 2880: false
Query 2881: false
Query 2882: false
Query 2883: true
Query 2884: false
Query 2885: true
Query 2886: true
Query 2887: true
Query 2888: false
Query 2889: true
Query 2890: false
Query 2891: true
Query 2892: false
Query 2893: true
Query 2894: false
Query 2895: false
Query 2896: false
Query 2897: true
Query 2898: true
Query 2899: true
Query 2900: false
Query 2901: true
Query 2902: true
Query 2903: true
Query 2904: true
Query 2905: false
Query 2906: true
Query 2907: false
Query 2908: true
Query 2909: true
Query 2910: false
Query 2911: true
Query 2912: false
Query 2913: true
Query 2914: false
Query 2915: true
Query 2916: false
Query 2917: true
Query 2918: true
Query 2919: true
Query 2920: true
Query 2921: false
Query 2922: false
Query 2923: true
Query 2924: true
Query 2925: false
Query 2926: false
Query 2927: true
Query 2928: true
Query 2929: true
Query 2930: false
Query 2931: true
Query 2932: true
Query 2933: true
Query 2934: false
Query 2935: true
Query 2936: true
Query 2937: false
Query 2938: true
Query 2939: true
Query 2940: true
Query 2941: true
Query 2942: true
Query 2943: true
Query 2944: true
Query 2945: false
Query 2946: false
Query 2947: true
Query 2948: false
Query 2949: false
Query 2950: true
Query 2951: true
Query 2952: false
Query 2953: true
Query 2954: false
Query 2955: true
Query 2956: true
Query 2957: false
Query 2958: true
Query 2959: true
Query 2960: true
Query 2961: false
Query 2962: true
Query 2963: false
Query 2964: false
Query 2965: false
Query 2966: true
Query 2967: false
Query 2968: false
Query 2969: true
Query 2970: false
Query 2971: false
Query 2972: true
Query 2973: false
Query 2974: true
Query 2975: true
Query 2976: true
Query 2977: false
Query 2978: true
Query 2979: true
Query 2980: true
Query 2981: false
Query 2982: true
Query 2983: true
Query 2984: true
Query 2985: true
Query 2986: false
Query 2987: false
Query 2988: true
Query 2989: false
Query 2990: false
Query 2991: true
Query 2992: true
Query 2993: false
Query 2994: true
Query 2995: false
Query 2996: false
Query 2997: true
Query 2998: true
Query 2999: false
Query 3000: false
Query 3001: true
Query 3002: true
Query 3003: true
Query 3004: false
Query 3005: false
Query 3006: true
Query 3007: false
Query 3008: true
Query 3009: false
Query 3010: true
Query 3011: false
Query 3012: true
Query 3013: true
Query 3014: true
Query 3015: false
Query 3016: true
Query 3017: true
Query 3018: false
Query 3019: false
Query 3020: true
Query 3021: true
Query 3022: true
Query 3023: false
Query 3024: true
Query 3025: false
Query 3026: true
Query 3027: true
Query 3028: true
Query 3029: false
Query 3030: false
Query 3031: true
Query 3032: true
Query 3033: true
Query 3034: true
Query 3035: true
Query 3036: true
Query 3037: true
Query 3038: false
Query 3039: false
Query 3040: false
Query 3041: true
Query 3042: true
Query 3043: true
Query 3044: true
Query 3045: true
Query 3046: false
Query 3047: false
Query 3048: false
Query 3049: true
Query 3050: false
Query 3051: true
Query 3052: true
Query 3053: true
Query 3054: true
Query 3055: true
Query 3056: true
Query 3057: true
Query 3058: true
Query 3059: false
Query 3060: true
Query 3061: true
Query 3062: false
Query 3063: true
Query 3064: true
Query 3065: true
Query 3066: true
Query 3067: false
Query 3068: false
Query 3069: true
Query 3070: true
Query 3071: false
Query 3072: true
Query 3073: false
Query 3074: true
Query 3075: true
Query 3076: true
Query 3077: true
Query 3078: true
Query 3079: false
Query 3080: true
Query 3081: true
Query 3082: false
Query 3083: false
Query 3084: false
Query 3085: true
Query 3086: true
Query 3087: true
Query 3088: true
Query 3089: true
Query 3090: false
Query 3091: true
Query 3092: true
Query 3093: true
Query 3094: true
Query 3095: false
Query 3096: true
Query 3097: true
Query 3098: true
Query 3099: true
Query 3100: true
Query 3101: false
Query 3102: true
Query 3103: true
Query 3104: true
Query 3105: true
Query 3106: true
Query 3107: true
Query 3108: true
Query 3109: true
Query 3110: true
Query 3111: false
Query 3112: true
Query 3113: false
Query 3114: false
Query 3115: true
Query 3116: false
Query 3117: true
Query 3118: true
Query 3119: false
Query 3120: true
Query 3121: true
Query 3122: false
Query 3123: true
Query 3124: true
Query 3125: false
Query 3126: true
Query 3127: true
Query 3128: true
Query 3129: true
Query 3130: true
Query 3131: true
Query 3132: true
Query 3133: true
Query 3134: true
Query 3135: false
Query 3136: true
Query 3137: true
Query 3138: true
Query 3139: true
Query 3140: true
Query 3141: true
Query 3142: true
Query 3143: true
Query 3144: true
Query 3145: true
Query 3146: true
Query 3147: true
Query 3148: false
Query 3149: false
Query 3150: true
Query 3151: true
Query 3152: false
Query 3153: true
Query 3154: true
Query 3155: true
Query 3156: true
Query 3157: true
Query 3158: true
Query 3159: true
Query 3160: true
Query 3161: false
Query 3162: true
Query 3163: true
Query 3164: true
Query 3165: false
Query 3166: false
Query 3167: true
Query 3168: false
Query 3169: true
Query 3170: true
Query 3171: true
Query 3172: true
Query 3173: true
Query 3174: false
Query 3175: true
Query 3176: false
Query 3177: true
Query 3178: false
Query 3179: false
Query 3180: true
Query 3181: false
Query 3182: true
Query 3183: true
Query 3184: true
Query 3185: false
Query 3186: true
Query 3187: true
Query 3188: true
Query 3189: false
Query 3190: true
Query 3191: true
Query 3192: false
Query 3193: true
Query 3194: true
Query 3195: true
Query 3196: false
Query 3197: true
Query 3198: true
Query 3199: true
Query 3200: false
Query 3201: true
Query 3202: false
Query 3203: true
Query 3204: false
Query 3205: true
Query 3206: true
Query 3207: false
Query 3208: false
Query 3209: true
Query 3210: false
Query 3211: true
Query 3212: true
Query 3213: false
Query 3214: false
Query 3215: false
Query 3216: false
Query 3217: true
Query 3218: false
Query 3219: true
Query 3220: false
Query 3221: true
Query 3222: true
Query 3223: true
Query 3224: true
Query 3225: true
Query 3226: true
Query 3227: true
Query 3228: true
Query 3229: true
Query 3230: true
Query 3231: false
Query 3232: false
Query 3233: true
Query 3234: false
Query 3235: true
Query 3236: true
Query 3237: false
Query 3238: false
Query 3239: true
Query 3240: true
Query 3241: true
Query 3242: false
Query 3243: true
Query 3244: true
Query 3245: true
Query 3246: true
Query 3247: true
Query 3248: true
Query 3249: true
Query 3250: false
Query 3251: true
Query 3252: false
Query 3253: true
Query 3254: true
Query 3255: false
Query 3256: false
Query 3257: true
Query 3258: true
Query 3259: true
Query 3260: false
Query 3261: false
Query 3262: false
Query 3263: false
Query 3264: false
Query 3265: true
Query 3266: false
Query 3267: true
Query 3268: true
Query 3269: true
Query 3270: true
Query 3271: true
Query 3272: true
Query 3273: true
Query 3274: true
Query 3275: true
Query 3276: true
Query 3277: false
Query 3278: true
Query 3279: false
Query 3280: true
Query 3281: false
Query 3282: true
Query 3283: false
Query 3284: true
Query 3285: true
Query 3286: false
Query 3287: true
Query 3288: false
Query 3289: false
Query 3290: false
Query 3291: true
Query 3292: true
Query 3293: false
Query 3294: true
Query 3295: false
Query 3296: true
Query 3297: true
Query 3298: true
Query 3299: false
Query 3300: false
Query 3301: true
Query 3302: true
Query 3303: true
Query 3304: true
Query 3305: false
Query 3306: false
Query 3307: false
Query 3308: false
Query 3309: true
Query 3310: true
Query 3311: true
Query 3312: false
Query 3313: true
Query 3314: false
Query 3315: true
Query 3316: true
Query 3317: true
Query 3318: true
Query 3319: true
Query 3320: true
Query 3321: true
Query 3322: false
Query 3323: true
Query 3324: true
Query 3325: true
Query 3326: false
Query 3327: false
Query 3328: true
Query 3329: true
Query 3330: false
Query 3331: false
Query 3332: true
Query 3333: true
Query 3334: false
Query 3335: true
Query 3336: false
Query 3337: true
Query 3338: false
Query 3339: true
Query 3340: true
Query 3341: true
Query 3342: true
Query 3343: true
Query 3344: true
Query 3345: true
Query 3346: false
Query 3347: false
Query 3348: true
Query 3349: true
Query 3350: true
Query 3351: true
Query 3352: true
Query 3353: true
Query 3354: true
Query 3355: true
Query 3356: true
Query 3357: false
Query 3358: true
Query 3359: true
Query 3360: false
Query 3361: true
Query 3362: true
Query 3363: true
Query 3364: false
Query 3365: true
Query 3366: true
Query 3367: true
Query 3368: true
Query 3369: true
Query 3370: true
Query 3371: true
Query 3372: false
Query 3373: true
Query 3374: true
Query 3375: true
Query 3376: true
Query 3377: true
Query 3378: true
Query 3379: true
Query 3380: false
Query 3381: true
Query 3382: true
Query 3383: true
Query 3384: true
Query 3385: true
Query 3386: true
Query 3387: true
Query 3388: true
Query 3389: true
Query 3390: true
Query 3391: true
Query 3392: true
Query 3393: false
Query 3394: true
Query 3395: true
Query 3396: false
Query 3397: false
Query 3398: false
Query 3399: true
Query 3400: false
Query 3401: true
Query 3402: true
Query 3403: false
Query 3404: false
Query 3405: false
Query 3406: true
Query 3407: true
Query 3408: false
Query 3409: true
Query 3410: false
Query 3411: false
Query 3412: true
Query 3413: true
Query 3414: false
Query 3415: false
Query 3416: false
Query 3417: false
Query 3418: false
Query 3419: true
Query 3420: true
Query 3421: true
Query 3422: true
Query 3423: true
Query 3424: false
Query 3425: true
Query 3426: true
Query 3427: true
Query 3428: true
Query 3429: false
Query 3430: true
Query 3431: true
Query 3432: false
Query 3433: true
Query 3434: true
Query 3435: true
Query 3436: true
Query 3437: false
Query 3438: true
Query 3439: true
Query 3440: true
Query 3441: false
Query 3442: true
Query 3443: false
Query 3444: false
Query 3445: false
Query 3446: true
Query 3447: false
Query 3448: true
Query 3449: true
Query 3450: false
Query 3451: true
Query 3452: true
Query 3453: true
Query 3454: true
Query 3455: true
Query 3456: false
Query 3457: false
Query 3458: true
Query 3459: true
Query 3460: true
Query 3461: false
Query 3462: true
Query 3463: true
Query 3464: true
Query 3465: false
Query 3466: false
Query 3467: true
Query 3468: false
Query 3469: true
Query 3470: true
Query 3471: true
Query 3472: false
Query 3473: false
Query 3474: false
Query 3475: true
Query 3476: false
Query 3477: true
Query 3478: true
Query 3479: true
Query 3480: false
Query 3481: true
Query 3482: true
Query 3483: true
Query 3484: false
Query 3485: false
Query 3486: true
Query 3487: false
Query 3488: true
Query 3489: false
Query 3490: true
Query 3491: true
Query 3492: true
Query 3493: true
Query 3494: true
Query 3495: true
Query 3496: false
Query 3497: false
Query 3498: true
Query 3499: false
Query 3500: false
Query 3501: false
Query 3502: true
Query 3503: true
Query 3504: true
Query 3505: true
Query 3506: true
Query 3507: true
Query 3508: false
Query 3509: true
Query 3510: false
Query 3511: true
Query 3512: true
Query 3513: true
Query 3514: true
Query 3515: true
Query 3516: false
Query 3517: true
Query 3518: false
Query 3519: true
Query 3520: true
Query 3521: true
Query 3522: true
Query 3523: false
Query 3524: true
Query 3525: true
Query 3526: false
Query 3527: true
Query 3528: true
Query 3529: true
Query 3530: false
Query 3531: false
Query 3532: false
Query 3533: false
Query 3534: true
Query 3535: false
Query 3536: true
Query 3537: true
Query 3538: false
Query 3539: true
Query 3540: true
Query 3541: false
Query 3542: true
Query 3543: false
Query 3544: false
Query 3545: true
Query 3546: true
Query 3547: true
Query 3548: true
Query 3549: true
Query 3550: false
Query 3551: false
Query 3552: true
Query 3553: false
Query 3554: true
Query 3555: true
Query 3556: true
Query 3557: false
Query 3558: true
Query 3559: true
Query 3560: true
Query 3561: true
Query 3562: true
Query 3563: true
Query 3564: false
Query 3565: true
Query 3566: true
Query 3567: false
Query 3568: true
Query 3569: true
Query 3570: true
Query 3571: true
Query 3572: true
Query 3573: false
Query 3574: true
Query 3575: true
Query 3576: true
Query 3577: true
Query 3578: false
Query 3579: true
Query 3580: true
Query 3581: false
Query 3582: false
Query 3583: false
Query 3584: true
Query 3585: true
Query 3586: false
Query 3587: true
Query 3588: false
Query 3589: false
Query 3590: true
Query 3591: false
Query 3592: true
Query 3593: true
Query 3594: true
Query 3595: false
Query 3596: true
Query 3597: false
Query 3598: false
Query 3599: true
Query 3600: true
Query 3601: true
Query 3602: true
Query 3603: true
Query 3604: true
Query 3605: true
Query 3606: false
Query 3607: true
Query 3608: false
Query 3609: true
Query 3610: true
Query 3611: true
Query 3612: true
Query 3613: true
Query 3614: true
Query 3615: true
Query 3616: true
Query 3617: true
Query 3618: false
Query 3619: true
Query 3620: false
Query 3621: true
Query 3622: true
Query 3623: false
Query 3624: true
Query 3625: true
Query 3626: true
Query 3627: true
Query 3628: false
Query 3629: true
Query 3630: false
Query 3631: true
Query 3632: true
Query 3633: false
Query 3634: false
Query 3635: true
Query 3636: true
Query 3637: false
Query 3638: false
Query 3639: true
Query 3640: true
Query 3641: true
Query 3642: false
Query 3643: true
Query 3644: true
Query 3645: false
Query 3646: false
Query 3647: true
Query 3648: true
Query 3649: false
Query 3650: true
Query 3651: true
Query 3652: true
Query 3653: true
Query 3654: true
Query 3655: false
Query 3656: true
Query 3657: true
Query 3658: true
Query 3659: false
Query 3660: true
Query 3661: true
Query 3662: true
Query 3663: true
Query 3664: false
Query 3665: false
Query 3666: false
Query 3667: true
Query 3668: true
Query 3669: true
Query 3670: false
Query 3671: true
Query 3672: true
Query 3673: true
Query 3674: false
Query 3675: true
Query 3676: true
Query 3677: true
Query 3678: true
Query 3679: false
Query 3680: true
Query 3681: false
Query 3682: true
Query 3683: false
Query 3684: true
Query 3685: true
Query 3686: false
Query 3687: true
Query 3688: false
Query 3689: true
Query 3690: true
Query 3691: false
Query 3692: true
Query 3693: true
Query 3694: false
Query 3695: false
Query 3696: false
Query 3697: true
Query 3698: true
Query 3699: false
Query 3700: false
Query 3701: false
Query 3702: false
Query 3703: true
Query 3704: true
Query 3705: false
Query 3706: false
Query 3707: true
Query 3708: false
Query 3709: true
Query 3710: false
Query 3711: true
Query 3712: true
Query 3713: true
Query 3714: true
Query 3715: true
Query 3716: true
Query 3717: true
Query 3718: true
Query 3719: false
Query 3720: true
Query 3721: false
Query 3722: true
Query 3723: false
Query 3724: true
Query 3725: false
Query 3726: true
Query 3727: false
Query 3728: true
Query 3729: false
Query 3730: false
Query 3731: true
Query 3732: true
Query 3733: true
Query 3734: true
Query 3735: true
Query 3736: false
Query 3737: true
Query 3738: false
Query 3739: true
Query 3740: true
Query 3741: true
Query 3742: false
Query 3743: true
Query 3744: true
Query 3745: true
Query 3746: true
Query 3747: false
Query 3748: false
Query 3749: true
Query 3750: true
Query 3751: true
Query 3752: true
Query 3753: false
Query 3754: true
Query 3755: true
Query 3756: false
Query 3757: true
Query 3758: true
Query 3759: true
Query 3760: true
Query 3761: true
Query 3762: true
Query 3763: true
Query 3764: false
Query 3765: false
Query 3766: true
Query 3767: true
Query 3768: true
Query 3769: false
Query 3770: true
Query 3771: true
Query 3772: true
Query 3773: true
Query 3774: false
Query 3775: true
Query 3776: true
Query 3777: true
Query 3778: true
Query 3779: false
Query 3780: false
Query 3781: true
Query 3782: true
Query 3783: true
Query 3784: true
Query 3785: false
Query 3786: false
Query 3787: true
Query 3788: true
Query 3789: false
Query 3790: true
Query 3791: true
Query 3792: true
Query 3793: false
Query 3794: true
Query 3795: true
Query 3796: true
Query 3797: true
Query 3798: true
Query 3799: true
Query 3800: true
Query 3801: true
Query 3802: true
Query 3803: false
Query 3804: true
Query 3805: false
Query 3806: false
Query 3807: true
Query 3808: true
Query 3809: true
Query 3810: true
Query 3811: false
Query 3812: true
Query 3813: false
Query 3814: true
Query 3815: true
Query 3816: true
Query 3817: false
Query 3818: false
Query 3819: false
Query 3820: true
Query 3821: false
Query 3822: true
Query 3823: false
Query 3824: true
Query 3825: true
Query 3826: false
Query 3827: false
Query 3828: false
Query 3829: false
Query 3830: false
Query 3831: false
Query 3832: true
Query 3833: false
Query 3834: false
Query 3835: false
Query 3836: false
Query 3837: false
Query 3838: true
Query 3839: false
Query 3840: true
Query 3841: true
Query 3842: false
Query 3843: true
Query 3844: true
Query 3845: true
Query 3846: false
Query 3847: false
Query 3848: true
Query 3849: true
Query 3850: true
Query 3851: true
Query 3852: false
Query 3853: true
Query 3854: true
Query 3855: true
Query 3856: false
Query 3857: true
Query 3858: false
Query 3859: true
Query 3860: true
Query 3861: false
Query 3862: true
Query 3863: true
Query 3864: true
Query 3865: true
Query 3866: true
Query 3867: true
Query 3868: true
Query 3869: true
Query 3870: true
Query 3871: true
Query 3872: true
Query 3873: true
Query 3874: true
Query 3875: true
Query 3876: true
Query 3877: true
Query 3878: true
Query 3879: true
Query 3880: false
Query 3881: true
Query 3882: true
Query 3883: true
Query 3884: true
Query 3885: false
Query 3886: true
Query 3887: true
Query 3888: false
Query 3889: true
Query 3890: true
Query 3891: true
Query 3892: false
Query 3893: false
Query 3894: true
Query 3895: true
Query 3896: true
Query 3897: false
Query 3898: true
Query 3899: true
Query 3900: true
Query 3901: true
Query 3902: false
Query 3903: true
Query 3904: false
Query 3905: false
Query 3906: true
Query 3907: true
Query 3908: false
Query 3909: false
Query 3910: true
Query 3911: true
Query 3912: true
Query 3913: false
Query 3914: true
Query 3915: true
Query 3916: true
Query 3917: false
Query 3918: true
Query 3919: false
Query 3920: true
Query 3921: true
Query 3922: false
Query 3923: true
Query 3924: false
Query 3925: false
Query 3926: false
Query 3927: true
Query 3928: false
Query 3929: true
Query 3930: true
Query 3931: true
Query 3932: false
Query 3933: true
Query 3934: false
Query 3935: true
Query 3936: true
Query 3937: false
Query 3938: false
Query 3939: true
Query 3940: true
Query 3941: false
Query 3942: true
Query 3943: true
Query 3944: true
Query 3945: true
Query 3946: true
Query 3947: false
Query 3948: true
Query 3949: true
Query 3950: false
Query 3951: true
Query 3952: true
Query 3953: true
Query 3954: true
Query 3955: true
Query 3956: true
Query 3957: false
Query 3958: true
Query 3959: false
Query 3960: false
Query 3961: false
Query 3962: true
Query 3963: true
Query 3964: true
Query 3965: false
Query 3966: false
Query 3967: true
Query 3968: true
Query 3969: false
Query 3970: false
Query 3971: true
Query 3972: false
Query 3973: true
Query 3974: false
Query 3975: true
Query 3976: false
Query 3977: true
Query 3978: true
Query 3979: false
Query 3980: false
Query 3981: true
Query 3982: false
Query 3983: true
Query 3984: true
Query 3985: false
Query 3986: true
Query 3987: false
Query 3988: true
Query 3989: false
Query 3990: true
Query 3991: false
Query 3992: true
Query 3993: true
Query 3994: true
Query 3995: true
Query 3996: true
Query 3997: true
Query 3998: true
Query 3999: false
Query 4000: true
Query 4001: true
Query 4002: false
Query 4003: true
Query 4004: true
Query 4005: true
Query 4006: true
Query 4007: false
Query 4008: true
Query 4009: true
Query 4010: false
Query 4011: true
Query 4012: false
Query 4013: true
Query 4014: true
Query 4015: false
Query 4016: true
Query 4017: true
Query 4018: false
Query 4019: false
Query 4020: true
Query 4021: true
Query 4022: false
Query 4023: false
Query 4024: true
Query 4025: true
Query 4026: false
Query 4027: true
Query 4028: true
Query 4029: true
Query 4030: false
Query 4031: false
Query 4032: false
Query 4033: true
Query 4034: true
Query 4035: false
Query 4036: true
Query 4037: false
Query 4038: true
Query 4039: true
Query 4040: true
Query 4041: true
Query 4042: true
Query 4043: true
Query 4044: true
Query 4045: false
Query 4046: true
Query 4047: false
Query 4048: true
Query 4049: true
Query 4050: false
Query 4051: true
Query 4052: true
Query 4053: true
Query 4054: true
Query 4055: false
Query 4056: false
Query 4057: false
Query 4058: true
Query 4059: true
Query 4060: true
Query 4061: false
Query 4062: true
Query 4063: true
Query 4064: false
Query 4065: false
Query 4066: true
Query 4067: true
Query 4068: true
Query 4069: true
Query 4070: true
Query 4071: false
Query 4072: true
Query 4073: true
Query 4074: true
Query 4075: false
Query 4076: true
Query 4077: true
Query 4078: true
Query 4079: false
Query 4080: false
Query 4081: true
Query 4082: false
Query 4083: false
Query 4084: true
Query 4085: false
Query 4086: false
Query 4087: true
Query 4088: false
Query 4089: false
Query 4090: true
Query 4091: false
Query 4092: true
Query 4093: true
Query 4094: true
Query 4095: false
Query 4096: true
Query 4097: true
Query 4098: true
Query 4099: false
Query 4100: true
Query 4101: true
Query 4102: false
Query 4103: false
Query 4104: false
Query 4105: false
Query 4106: true
Query 4107: true
Query 4108: true
Query 4109: false
Query 4110: false
Query 4111: true
Query 4112: false
Query 4113: false
Query 4114: true
Query 4115: true
Query 4116: false
Query 4117: true
Query 4118: true
Query 4119: true
Query 4120: false
Query 4121: false
Query 4122: true
Query 4123: true
Query 4124: true
Query 4125: true
Query 4126: true
Query 4127: true
Query 4128: true
Query 4129: true
Query 4130: true
Query 4131: true
Query 4132: true
Query 4133: true
Query 4134: true
Query 4135: true
Query 4136: true
Query 4137: false
Query 4138: true
Query 4139: true
Query 4140: true
Query 4141: true
Query 4142: true
Query 4143: true
Query 4144: false
Query 4145: true
Query 4146: true
Query 4147: true
Query 4148: false
Query 4149: true
Query 4150: true
Query 4151: false
Query 4152: false
Query 4153: true
Query 4154: true
Query 4155: true
Query 4156: true
Query 4157: false
Query 4158: false
Query 4159: true
Query 4160: true
Query 4161: true
Query 4162: false
Query 4163: false
Query 4164: true
Query 4165: false
Query 4166: true
Query 4167: false
Query 4168: false
Query 4169: true
Query 4170: false
Query 4171: false
Query 4172: true
Query 4173: true
Query 4174: false
Query 4175: true
Query 4176: true
Query 4177: true
Query 4178: true
Query 4179: true
Query 4180: true
Query 4181: false
Query 4182: true
Query 4183: true
Query 4184: false
Query 4185: true
Query 4186: false
Query 4187: false
Query 4188: false
Query 4189: true
Query 4190: false
Query 4191: true
Query 4192: true
Query 4193: true
Query 4194: true
Query 4195: false
Query 4196: true
Query 4197: false
Query 4198: true
Query 4199: true
Query 4200: true
Query 4201: true
Query 4202: false
Query 4203: true
Query 4204: true
Query 4205: true
Query 4206: false
Query 4207: false
Query 4208: true
Query 4209: true
Query 4210: false
Query 4211: true
Query 4212: false
Query 4213: false
Query 4214: true
Query 4215: false
Query 4216: true
Query 4217: true
Query 4218: true
Query 4219: true
Query 4220: true
Query 4221: true
Query 4222: true
Query 4223: false
Query 4224: false
Query 4225: true
Query 4226: true
Query 4227: false
Query 4228: false
Query 4229: true
Query 4230: true
Query 4231: false
Query 4232: false
Query 4233: false
Query 4234: true
Query 4235: true
Query 4236: false
Query 4237: true
Query 4238: true
Query 4239: false
Query 4240: true
Query 4241: true
Query 4242: false
Query 4243: false
Query 4244: true
Query 4245: false
Query 4246: true
Query 4247: true
Query 4248: true
Query 4249: true
Query 4250: true
Query 4251: false
Query 4252: false
Query 4253: true
Query 4254: true
Query 4255: false
Query 4256: true
Query 4257: true
Query 4258: true
Query 4259: true
Query 4260: false
Query 4261: true
Query 4262: true
Query 4263: true
Query 4264: false
Query 4265: false
Query 4266: false
Query 4267: true
Query 4268: true
Query 4269: true
Query 4270: true
Query 4271: false
Query 4272: true
Query 4273: false
Query 4274: true
Query 4275: false
Query 4276: false
Query 4277: true
Query 4278: true
Query 4279: false
Query 4280: true
Query 4281: true
Query 4282: true
Query 4283: true
Query 4284: true
Query 4285: false
Query 4286: true
Query 4287: false
Query 4288: false
Query 4289: true
Query 4290: true
Query 4291: true
Query 4292: true
Query 4293: false
Query 4294: true
Query 4295: false
Query 4296: false
Query 4297: false
Query 4298: true
Query 4299: false
Query 4300: false
Query 4301: true
Query 4302: true
Query 4303: true
Query 4304: true
Query 4305: true
Query 4306: true
Query 4307: true
Query 4308: false
Query 4309: false
Query 4310: true
Query 4311: true
Query 4312: false
Query 4313: true
Query 4314: true
Query 4315: true
Query 4316: false
Query 4317: false
Query 4318: false
Query 4319: false
Query 4320: true
Query 4321: true
Query 4322: false
Query 4323: false
Query 4324: false
Query 4325: true
Query 4326: true
Query 4327: true
Query 4328: false
Query 4329: true
Query 4330: true
Query 4331: true
Query 4332: true
Query 4333: false
Query 4334: true
Query 4335: true
Query 4336: true
Query 4337: true
Query 4338: true
Query 4339: true
Query 4340: false
Query 4341: true
Query 4342: true
Query 4343: true
Query 4344: false
Query 4345: false
Query 4346: true
Query 4347: false
Query 4348: false
Query 4349: true
Query 4350: false
Query 4351: true
Query 4352: false
Query 4353: false
Query 4354: true
Query 4355: true
Query 4356: false
Query 4357: true
Query 4358: true
Query 4359: false
Query 4360: true
Query 4361: true
Query 4362: true
Query 4363: false
Query 4364: true
Query 4365: true
Query 4366: false
Query 4367: false
Query 4368: true
Query 4369: false
Query 4370: true
Query 4371: true
Query 4372: true
Query 4373: true
Query 4374: true
Query 4375: false
Query 4376: true
Query 4377: true
Query 4378: true
Query 4379: true
Query 4380: false
Query 4381: true
Query 4382: true
Query 4383: true
Query 4384: false
Query 4385: true
Query 4386: false
Query 4387: false
Query 4388: true
Query 4389: true
Query 4390: false
Query 4391: true
Query 4392: true
Query 4393: true
Query 4394: true
Query 4395: true
Query 4396: true
Query 4397: true
Query 4398: true
Query 4399: false
Query 4400: true
Query 4401: true
Query 4402: true
Query 4403: false
Query 4404: true
Query 4405: true
Query 4406: true
Query 4407: true
Query 4408: false
Query 4409: false
Query 4410: false
Query 4411: false
Query 4412: false
Query 4413: true
Query 4414: true
Query 4415: true
Query 4416: true
Query 4417: false
Query 4418: true
Query 4419: true
Query 4420: true
Query 4421: false
Query 4422: true
Query 4423: true
Query 4424: true
Query 4425: false
Query 4426: true
Query 4427: true
Query 4428: true
Query 4429: true
Query 4430: true
Query 4431: false
Query 4432: true
Query 4433: true
Query 4434: false
Query 4435: true
Query 4436: false
Query 4437: true
Query 4438: true
Query 4439: false
Query 4440: false
Query 4441: true
Query 4442: true
Query 4443: false
Query 4444: true
Query 4445: true
Query 4446: false
Query 4447: false
Query 4448: true
Query 4449: true
Query 4450: true
Query 4451: true
Query 4452: true
Query 4453: true
Query 4454: false
Query 4455: true
Query 4456: false
Query 4457: true
Query 4458: true
Query 4459: true
Query 4460: false
Query 4461: false
Query 4462: true
Query 4463: true
Query 4464: false
Query 4465: true
Query 4466: false
Query 4467: true
Query 4468: true
Query 4469: true
Query 4470: false
Query 4471: true
Query 4472: true
Query 4473: true
Query 4474: true
Query 4475: true
Query 4476: false
Query 4477: false
Query 4478: false
Query 4479: false
Query 4480: true
Query 4481: true
Query 4482: true
Query 4483: true
Query 4484: true
Query 4485: true
Query 4486: true
Query 4487: true
Query 4488: true
Query 4489: true
Query 4490: false
Query 4491: true
Query 4492: true
Query 4493: false
Query 4494: true
Query 4495: true
Query 4496: true
Query 4497: true
Query 4498: false
Query 4499: true
Query 4500: true
Query 4501: true
Query 4502: true
Query 4503: false
Query 4504: true
Query 4505: true
Query 4506: true
Query 4507: false
Query 4508: false
Query 4509: true
Query 4510: false
Query 4511: true
Query 4512: true
Query 4513: false
Query 4514: true
Query 4515: true
Query 4516: true
Query 4517: true
Query 4518: true
Query 4519: true
Query 4520: false
Query 4521: true
Query 4522: true
Query 4523: true
Query 4524: true
Query 4525: true
Query 4526: false
Query 4527: true
Query 4528: true
Query 4529: true
Query 4530: true
Query 4531: true
Query 4532: true
Query 4533: true
Query 4534: false
Query 4535: true
Query 4536: false
Query 4537: true
Query 4538: true
Query 4539: false
Query 4540: false
Query 4541: true
Query 4542: true
Query 4543: false
Query 4544: false
Query 4545: true
Query 4546: true
Query 4547: false
Query 4548: true
Query 4549: true
Query 4550: true
Query 4551: false
Query 4552: true
Query 4553: true
Query 4554: true
Query 4555: false
Query 4556: true
Query 4557: true
Query 4558: true
Query 4559: true
Query 4560: false
Query 4561: true
Query 4562: true
Query 4563: true
Query 4564: false
Query 4565: true
Query 4566: true
Query 4567: false
Query 4568: true
Query 4569: false
Query 4570: false
Query 4571: true
Query 4572: true
Query 4573: true
Query 4574: true
Query 4575: true
Query 4576: true
Query 4577: true
Query 4578: false
Query 4579: false
Query 4580: false
Query 4581: true
Query 4582: true
Query 4583: true
Query 4584: true
Query 4585: true
Query 4586: true
Query 4587: true
Query 4588: true
Query 4589: false
Query 4590: false
Query 4591: true
Query 4592: false
Query 4593: true
Query 4594: true
Query 4595: true
Query 4596: true
Query 4597: true
Query 4598: false
Query 4599: true
Query 4600: false
Query 4601: false
Query 4602: false
Query 4603: true
Query 4604: true
Query 4605: true
Query 4606: false
Query 4607: true
Query 4608: false
Query 4609: true
Query 4610: true
Query 4611: true
Query 4612: true
Query 4613: true
Query 4614: true
Query 4615: true
Query 4616: false
Query 4617: false
Query 4618: false
Query 4619: false
Query 4620: true
Query 4621: false
Query 4622: true
Query 4623: true
Query 4624: true
Query 4625: false
Query 4626: true
Query 4627: true
Query 4628: false
Query 4629: true
Query 4630: true
Query 4631: true
Query 4632: false
Query 4633: true
Query 4634: true
Query 4635: false
Query 4636: false
Query 4637: true
Query 4638: true
Query 4639: false
Query 4640: true
Query 4641: true
Query 4642: true
Query 4643: true
Query 4644: true
Query 4645: true
Query 4646: true
Query 4647: false
Query 4648: false
Query 4649: false
Query 4650: true
Query 4651: true
Query 4652: false
Query 4653: true
Query 4654: true
Query 4655: true
Query 4656: false
Query 4657: true
Query 4658: true
Query 4659: true
Query 4660: true
Query 4661: true
Query 4662: false
Query 4663: true
Query 4664: true
Query 4665: true
Query 4666: true
Query 4667: true
Query 4668: true
Query 4669: true
Query 4670: false
Query 4671: true
Query 4672: true
Query 4673: true
Query 4674: true
Query 4675: true
Query 4676: false
Query 4677: false
Query 4678: true
Query 4679: true
Query 4680: false
Query 4681: true
Query 4682: true
Query 4683: false
Query 4684: false
Query 4685: true
Query 4686: true
Query 4687: true
Query 4688: true
Query 4689: false
Query 4690: false
Query 4691: true
Query 4692: true
Query 4693: true
Query 4694: true
Query 4695: false
Query 4696: false
Query 4697: true
Query 4698: false
Query 4699: true
Query 4700: true
Query 4701: true
Query 4702: true
Query 4703: true
Query 4704: true
Query 4705: false
Query 4706: false
Query 4707: false
Query 4708: true
Query 4709: true
Query 4710: true
Query 4711: false
Query 4712: true
Query 4713: true
Query 4714: false
Query 4715: true
Query 4716: false
Query 4717: true
Query 4718: false
Query 4719: true
Query 4720: true
Query 4721: true
Query 4722: false
Query 4723: false
Query 4724: false
Query 4725: true
Query 4726: true
Query 4727: true
Query 4728: true
Query 4729: true
Query 4730: true
Query 4731: false
Query 4732: true
Query 4733: true
Query 4734: true
Query 4735: false
Query 4736: true
Query 4737: true
Query 4738: true
Query 4739: true
Query 4740: true
Query 4741: false
Query 4742: false
Query 4743: true
Query 4744: true
Query 4745: true
Query 4746: true
Query 4747: true
Query 4748: true
Query 4749: true
Query 4750: false
Query 4751: true
Query 4752: true
Query 4753: true
Query 4754: true
Query 4755: true
Query 4756: false
Query 4757: true
Query 4758: false
Query 4759: true
Query 4760: false
Query 4761: true
Query 4762: false
Query 4763: true
Query 4764: true
Query 4765: true
Query 4766: true
Query 4767: true
Query 4768: true
Query 4769: false
Query 4770: true
Query 4771: true
Query 4772: true
Query 4773: true
Query 4774: true
Query 4775: true
Query 4776: true
Query 4777: true
Query 4778: true
Query 4779: false
Query 4780: true
Query 4781: false
Query 4782: true
Query 4783: false
Query 4784: true
Query 4785: true
Query 4786: true
Query 4787: true
Query 4788: false
Query 4789: true
Query 4790: true
Query 4791: true
Query 4792: true
Query 4793: false
Query 4794: true
Query 4795: false
Query 4796: true
Query 4797: true
Query 4798: false
Query 4799: true
Query 4800: true
Query 4801: true
Query 4802: true
Query 4803: true
Query 4804: true
Query 4805: false
Query 4806: true
Query 4807: true
Query 4808: false
Query 4809: true
Query 4810: true
Query 4811: true
Query 4812: true
Query 4813: true
Query 4814: false
Query 4815: false
Query 4816: true
Query 4817: true
Query 4818: true
Query 4819: true
Query 4820: true
Query 4821: false
Query 4822: false
Query 4823: false
Query 4824: true
Query 4825: true
Query 4826: true
Query 4827: true
Query 4828: true
Query 4829: true
Query 4830: true
Query 4831: true
Query 4832: false
Query 4833: false
Query 4834: true
Query 4835: false
Query 4836: true
Query 4837: true
Query 4838: false
Query 4839: true
Query 4840: false
Query 4841: true
Query 4842: true
Query 4843: true
Query 4844: true
Query 4845: true
Query 4846: true
Query 4847: false
Query 4848: true
Query 4849: true
Query 4850: true
Query 4851: false
Query 4852: true
Query 4853: false
Query 4854: false
Query 4855: true
Query 4856: false
Query 4857: true
Query 4858: true
Query 4859: true
Query 4860: true
Query 4861: true
Query 4862: false
Query 4863: true
Query 4864: true
Query 4865: true
Query 4866: true
Query 4867: false
Query 4868: true
Query 4869: true
Query 4870: false
Query 4871: true
Query 4872: false
Query 4873: true
Query 4874: false
Query 4875: true
Query 4876: true
Query 4877: true
Query 4878: false
Query 4879: false
Query 4880: true
Query 4881: true
Query 4882: true
Query 4883: false
Query 4884: true
Query 4885: true
Query 4886: true
Query 4887: true
Query 4888: true
Query 4889: false
Query 4890: true
Query 4891: true
Query 4892: true
Query 4893: false
Query 4894: true
Query 4895: true
Query 4896: true
Query 4897: true
Query 4898: true
Query 4899: true
Query 4900: false
Query 4901: false
Query 4902: true
Query 4903: true
Query 4904: true
Query 4905: false
Query 4906: true
Query 4907: false
Query 4908: true
Query 4909: false
Query 4910: false
Query 4911: true
Query 4912: true
Query 4913: false
Query 4914: false
Query 4915: false
Query 4916: false
Query 4917: false
Query 4918: true
Query 4919: true
Query 4920: false
Query 4921: false
Query 4922: true
Query 4923: true
Query 4924: false
Query 4925: true
Query 4926: true
Query 4927: true
Query 4928: false
Query 4929: true
Query 4930: false
Query 4931: true
Query 4932: true
Query 4933: true
Query 4934: false
Query 4935: false
Query 4936: true
Query 4937: false
Query 4938: true
Query 4939: true
Query 4940: false
Query 4941: false
Query 4942: true
Query 4943: true
Query 4944: true
Query 4945: true
Query 4946: true
Query 4947: true
Query 4948: false
Query 4949: true
Query 4950: true
Query 4951: true
Query 4952: false
Query 4953: true
Query 4954: true
Query 4955: true
Query 4956: true
Query 4957: false
Query 4958: true
Query 4959: true
Query 4960: false
Query 4961: true
Query 4962: false
Query 4963: true
Query 4964: true
Query 4965: true
Query 4966: true
Query 4967: true
Query 4968: true
Query 4969: true
Query 4970: false
Query 4971: false
Query 4972: false
Query 4973: true
Query 4974: true
Query 4975: true
Query 4976: false
Query 4977: true
Query 4978: true
Query 4979: false
Query 4980: true
Query 4981: true
Query 4982: false
Query 4983: true
Query 4984: true
Query 4985: true
Query 4986: true
Query 4987: false
Query 4988: true
Query 4989: false
Query 4990: true
Query 4991: false
Query 4992: false
Query 4993: true
Query 4994: true
Query 4995: false
Query 4996: false
Query 4997: false
Query 4998: true
Query 4999: true
Query 5000: true
