Query 1: false
Query 2: true
Query 3: false
Query 4: true
Query 5: true
Query 6: false
Query 7: false
Query 8: true
Query 9: true
Query 10: true
Query 11: true
Query 12: false
Query 13: true
Query 14: false
Query 15: false
Query 16: true
Query 17: false
Query 18: false
Query 19: false
Query 20: true
Query 21: true
Query 22: false
Query 23: false
Query 24: false
Query 25: true
Query 26: false
Query 27: true
Query 28: false
Query 29: false
Query 30: false
Query 31: false
Query 32: false
Query 33: false
Query 34: false
Query 35: true
Query 36: false
Query 37: false
Query 38: false
Query 39: true
Query 40: false
Query 41: true
Query 42: false
Query 43: false
Query 44: true
Query 45: false
Query 46: false
Query 47: false
Query 48: false
Query 49: true
Query 50: false
Query 51: false
Query 52: false
Query 53: false
Query 54: true
Query 55: true
Query 56: true
Query 57: true
Query 58: true
Query 59: false
Query 60: false
Query 61: true
Query 62: true
Query 63: false
Query 64: false
Query 65: false
Query 66: true
Query 67: true
Query 68: false
Query 69: false
Query 70: true
Query 71: false
Query 72: false
Query 73: false
Query 74: true
Query 75: true
Query 76: true
Query 77: false
Query 78: true
Query 79: false
Query 80: false
Query 81: false
Query 82: true
Query 83: true
Query 84: true
Query 85: false
Query 86: true
Query 87: true
Query 88: true
Query 89: false
Query 90: false
Query 91: false
Query 92: true
Query 93: false
Query 94: false
Query 95: true
Query 96: false
Query 97: false
Query 98: true
Query 99: true
Query 100: true
Query 101: false
Query 102: false
Query 103: false
Query 104: true
Query 105: true
Query 106: false
Query 107: false
Query 108: false
Query 109: true
Query 110: false
Query 111: true
Query 112: false
Query 113: false
Query 114: false
Query 115: true
Query 116: false
Query 117: false
Query 118: false
Query 119: false
Query 120: true
Query 121: false
Query 122: false
Query 123: false
Query 124: true
Query 125: false
Query 126: false
Query 127: true
Query 128: false
Query 129: false
Query 130: false
Query 131: false
Query 132: true
Query 133: true
Query 134: false
Query 135: true
Query 136: false
Query 137: true
Query 138: false
Query 139: true
Query 140: true
Query 141: false
Query 142: true
Query 143: false
Query 144: false
Query 145: true
Query 146: true
Query 147: false
Query 148: false
Query 149: true
Query 150: false
Query 151: false
Query 152: true
Query 153: false
Query 154: false
Query 155: false
Query 156: true
Query 157: true
Query 158: true
Query 159: true
Query 160: true
Query 161: false
Query 162: false
Query 163: false
Query 164: true
Query 165: false
Query 166: false
Query 167: false
Query 168: false
Query 169: true
Query 170: false
Query 171: true
Query 172: true
Query 173: true
Query 174: false
Query 175: false
Query 176: false
Query 177: false
Query 178: true
Query 179: true
Query 180: false
Query 181: false
Query 182: false
Query 183: false
Query 184: false
Query 185: false
Query 186: true
Query 187: false
Query 188: true
Query 189: false
Query 190: false
Query 191: false
Query 192: false
Query 193: false
Query 194: false
Query 195: false
Query 196: true
Query 197: false
Query 198: false
Query 199: false
Query 200: false
Query 201: false
Query 202: false
Query 203: true
Query 204: false
Query 205: false
Query 206: true
Query 207: false
Query 208: true
Query 209: true
Query 210: false
Query 211: false
Query 212: false
Query 213: true
Query 214: false
Query 215: false
Query 216: false
Query 217: false
Query 218: false
Query 219: false
Query 220: false
Query 221: false
Query 222: false
Query 223: true
Query 224: false
Query 225: true
Query 226: true
Query 227: true
Query 228: false
Query 229: false
Query 230: false
Query 231: false
Query 232: false
Query 233: false
Query 234: false
Query 235: false
Query 236: false
Query 237: false
Query 238: false
Query 239: true
Query 240: false
Query 241: false
Query 242: false
Query 243: false
Query 244: true
Query 245: false
Query 246: false
Query 247: false
Query 248: false
Query 249: false
Query 250: false
Query 251: true
Query 252: false
Query 253: true
Query 254: false
Query 255: false
Query 256: true
Query 257: true
Query 258: false
Query 259: false
Query 260: false
Query 261: true
Query 262: false
Query 263: true
Query 264: true
Query 265: false
Query 266: false
Query 267: true
Query 268: false
Query 269: true
Query 270: false
Query 271: false
Query 272: false
Query 273: false
Query 274: false
Query 275: false
Query 276: false
Query 277: false
Query 278: false
Query 279: false
Query 280: false
Query 281: false
Query 282: true
Query 283: false
Query 284: false
Query 285: true
Query 286: false
Query 287: false
Query 288: true
Query 289: false
Query 290: false
Query 291: false
Query 292: false
Query 293: false
Query 294: true
Query 295: false
Query 296: false
Query 297: false
Query 298: true
Query 299: true
Query 300: false
Query 301: true
Query 302: false
Query 303: true
Query 304: true
Query 305: true
Query 306: false
Query 307: false
Query 308: true
Query 309: false
Query 310: false
Query 311: false
Query 312: true
Query 313: true
Query 314: true
Query 315: false
Query 316: true
Query 317: false
Query 318: false
Query 319: true
Query 320: false
Query 321: false
Query 322: false
Query 323: true
Query 324: true
Query 325: true
Query 326: false
Query 327: true
Query 328: false
Query 329: true
Query 330: true
Query 331: true
Query 332: false
Query 333: false
Query 334: true
Query 335: false
Query 336: false
Query 337: false
Query 338: true
Query 339: false
Query 340: true
Query 341: false
Query 342: false
Query 343: true
Query 344: false
Query 345: false
Query 346: false
Query 347: true
Query 348: false
Query 349: false
Query 350: true
Query 351: false
Query 352: false
Query 353: true
Query 354: false
Query 355: false
Query 356: false
Query 357: false
Query 358: false
Query 359: false
Query 360: false
Query 361: true
Query 362: false
Query 363: false
Query 364: true
Query 365: true
Query 366: true
Query 367: false
Query 368: true
Query 369: true
Query 370: true
Query 371: false
Query 372: false
Query 373: false
Query 374: false
Query 375: false
Query 376: true
Query 377: false
Query 378: false
Query 379: false
Query 380: false
Query 381: true
Query 382: false
Query 383: false
Query 384: true
Query 385: false
Query 386: true
Query 387: false
Query 388: true
Query 389: false
Query 390: false
Query 391: true
Query 392: false
Query 393: false
Query 394: false
Query 395: false
Query 396: true
Query 397: false
Query 398: false
Query 399: false
Query 400: true
Query 401: false
Query 402: true
Query 403: false
Query 404: true
Query 405: false
Query 406: false
Query 407: false
Query 408: false
Query 409: true
Query 410: false
Query 411: true
Query 412: false
Query 413: false
Query 414: false
Query 415: true
Query 416: false
Query 417: true
Query 418: false
Query 419: false
Query 420: false
Query 421: false
Query 422: false
Query 423: false
Query 424: false
Query 425: true
Query 426: false
Query 427: false
Query 428: true
Query 429: false
Query 430: false
Query 431: false
Query 432: false
Query 433: true
Query 434: false
Query 435: false
Query 436: false
Query 437: false
Query 438: false
Query 439: true
Query 440: false
Query 441: false
Query 442: false
Query 443: true
Query 444: true
Query 445: true
Query 446: false
Query 447: false
Query 448: false
Query 449: false
Query 450: true
Query 451: false
Query 452: true
Query 453: true
Query 454: true
Query 455: true
Query 456: false
Query 457: true
Query 458: false
Query 459: false
Query 460: false
Query 461: false
Query 462: true
Query 463: false
Query 464: false
Query 465: true
Query 466: false
Query 467: false
Query 468: false
Query 469: false
Query 470: true
Query 471: false
Query 472: true
Query 473: false
Query 474: false
Query 475: false
Query 476: true
Query 477: false
Query 478: false
Query 479: false
Query 480: false
Query 481: false
Query 482: false
Query 483: false
Query 484: false
Query 485: false
Query 486: true
Query 487: true
Query 488: false
Query 489: false
Query 490: false
Query 491: false
Query 492: false
Query 493: false
Query 494: true
Query 495: false
Query 496: false
Query 497: false
Query 498: true
Query 499: true
Query 500: true
